[0.195s] DEBUG:colcon:Command line arguments: ['/usr/bin/colcon', 'build', '--symlink-install']
[0.195s] DEBUG:colcon:Parsed command line arguments: Namespace(log_base=None, log_level=None, verb_name='build', build_base='build', install_base='install', merge_install=False, symlink_install=True, test_result_base=None, continue_on_error=False, executor='parallel', parallel_workers=16, event_handlers=None, ignore_user_meta=False, metas=['./colcon.meta'], base_paths=['.'], packages_ignore=None, packages_ignore_regex=None, paths=None, packages_up_to=None, packages_up_to_regex=None, packages_above=None, packages_above_and_dependencies=None, packages_above_depth=None, packages_select_by_dep=None, packages_skip_by_dep=None, packages_skip_up_to=None, packages_select_build_failed=False, packages_skip_build_finished=False, packages_select_test_failures=False, packages_skip_test_passed=False, packages_select=None, packages_skip=None, packages_select_regex=None, packages_skip_regex=None, packages_start=None, packages_end=None, allow_overriding=[], cmake_args=None, cmake_target=None, cmake_target_skip_unavailable=False, cmake_clean_cache=False, cmake_clean_first=False, cmake_force_configure=False, ament_cmake_args=None, catkin_cmake_args=None, catkin_skip_building_tests=False, verb_parser=<colcon_defaults.argument_parser.defaults.DefaultArgumentsDecorator object at 0x7f78590ab460>, verb_extension=<colcon_core.verb.build.BuildVerb object at 0x7f78590aae90>, main=<bound method BuildVerb.main of <colcon_core.verb.build.BuildVerb object at 0x7f78590aae90>>)
[0.447s] Level 1:colcon.colcon_core.package_discovery:discover_packages(colcon_meta) check parameters
[0.447s] Level 1:colcon.colcon_core.package_discovery:discover_packages(recursive) check parameters
[0.447s] Level 1:colcon.colcon_core.package_discovery:discover_packages(ignore) check parameters
[0.447s] Level 1:colcon.colcon_core.package_discovery:discover_packages(path) check parameters
[0.447s] Level 1:colcon.colcon_core.package_discovery:discover_packages(colcon_meta) discover
[0.447s] Level 1:colcon.colcon_core.package_discovery:discover_packages(recursive) discover
[0.447s] INFO:colcon.colcon_core.package_discovery:Crawling recursively for packages in '/home/kim/projects/dexchef_ws'
[0.447s] Level 1:colcon.colcon_core.package_identification:_identify(.) by extensions ['ignore', 'ignore_ament_install']
[0.447s] Level 1:colcon.colcon_core.package_identification:_identify(.) by extension 'ignore'
[0.448s] Level 1:colcon.colcon_core.package_identification:_identify(.) by extension 'ignore_ament_install'
[0.448s] Level 1:colcon.colcon_core.package_identification:_identify(.) by extensions ['colcon_pkg']
[0.448s] Level 1:colcon.colcon_core.package_identification:_identify(.) by extension 'colcon_pkg'
[0.448s] Level 1:colcon.colcon_core.package_identification:_identify(.) by extensions ['colcon_meta']
[0.448s] Level 1:colcon.colcon_core.package_identification:_identify(.) by extension 'colcon_meta'
[0.448s] Level 1:colcon.colcon_core.package_identification:_identify(.) by extensions ['ros']
[0.448s] Level 1:colcon.colcon_core.package_identification:_identify(.) by extension 'ros'
[0.460s] Level 1:colcon.colcon_core.package_identification:_identify(.) by extensions ['cmake', 'python']
[0.460s] Level 1:colcon.colcon_core.package_identification:_identify(.) by extension 'cmake'
[0.460s] Level 1:colcon.colcon_core.package_identification:_identify(.) by extension 'python'
[0.460s] Level 1:colcon.colcon_core.package_identification:_identify(.) by extensions ['python_setup_py']
[0.460s] Level 1:colcon.colcon_core.package_identification:_identify(.) by extension 'python_setup_py'
[0.461s] Level 1:colcon.colcon_core.package_identification:_identify(build) by extensions ['ignore', 'ignore_ament_install']
[0.461s] Level 1:colcon.colcon_core.package_identification:_identify(build) by extension 'ignore'
[0.461s] Level 1:colcon.colcon_core.package_identification:_identify(build) ignored
[0.461s] Level 1:colcon.colcon_core.package_identification:_identify(install) by extensions ['ignore', 'ignore_ament_install']
[0.461s] Level 1:colcon.colcon_core.package_identification:_identify(install) by extension 'ignore'
[0.461s] Level 1:colcon.colcon_core.package_identification:_identify(install) ignored
[0.461s] Level 1:colcon.colcon_core.package_identification:_identify(log) by extensions ['ignore', 'ignore_ament_install']
[0.461s] Level 1:colcon.colcon_core.package_identification:_identify(log) by extension 'ignore'
[0.461s] Level 1:colcon.colcon_core.package_identification:_identify(log) ignored
[0.461s] Level 1:colcon.colcon_core.package_identification:_identify(src) by extensions ['ignore', 'ignore_ament_install']
[0.461s] Level 1:colcon.colcon_core.package_identification:_identify(src) by extension 'ignore'
[0.461s] Level 1:colcon.colcon_core.package_identification:_identify(src) by extension 'ignore_ament_install'
[0.461s] Level 1:colcon.colcon_core.package_identification:_identify(src) by extensions ['colcon_pkg']
[0.461s] Level 1:colcon.colcon_core.package_identification:_identify(src) by extension 'colcon_pkg'
[0.461s] Level 1:colcon.colcon_core.package_identification:_identify(src) by extensions ['colcon_meta']
[0.461s] Level 1:colcon.colcon_core.package_identification:_identify(src) by extension 'colcon_meta'
[0.461s] Level 1:colcon.colcon_core.package_identification:_identify(src) by extensions ['ros']
[0.461s] Level 1:colcon.colcon_core.package_identification:_identify(src) by extension 'ros'
[0.461s] Level 1:colcon.colcon_core.package_identification:_identify(src) by extensions ['cmake', 'python']
[0.461s] Level 1:colcon.colcon_core.package_identification:_identify(src) by extension 'cmake'
[0.461s] Level 1:colcon.colcon_core.package_identification:_identify(src) by extension 'python'
[0.461s] Level 1:colcon.colcon_core.package_identification:_identify(src) by extensions ['python_setup_py']
[0.461s] Level 1:colcon.colcon_core.package_identification:_identify(src) by extension 'python_setup_py'
[0.461s] Level 1:colcon.colcon_core.package_identification:_identify(src/config) by extensions ['ignore', 'ignore_ament_install']
[0.461s] Level 1:colcon.colcon_core.package_identification:_identify(src/config) by extension 'ignore'
[0.461s] Level 1:colcon.colcon_core.package_identification:_identify(src/config) by extension 'ignore_ament_install'
[0.461s] Level 1:colcon.colcon_core.package_identification:_identify(src/config) by extensions ['colcon_pkg']
[0.461s] Level 1:colcon.colcon_core.package_identification:_identify(src/config) by extension 'colcon_pkg'
[0.461s] Level 1:colcon.colcon_core.package_identification:_identify(src/config) by extensions ['colcon_meta']
[0.461s] Level 1:colcon.colcon_core.package_identification:_identify(src/config) by extension 'colcon_meta'
[0.461s] Level 1:colcon.colcon_core.package_identification:_identify(src/config) by extensions ['ros']
[0.461s] Level 1:colcon.colcon_core.package_identification:_identify(src/config) by extension 'ros'
[0.461s] Level 1:colcon.colcon_core.package_identification:_identify(src/config) by extensions ['cmake', 'python']
[0.461s] Level 1:colcon.colcon_core.package_identification:_identify(src/config) by extension 'cmake'
[0.462s] Level 1:colcon.colcon_core.package_identification:_identify(src/config) by extension 'python'
[0.462s] Level 1:colcon.colcon_core.package_identification:_identify(src/config) by extensions ['python_setup_py']
[0.462s] Level 1:colcon.colcon_core.package_identification:_identify(src/config) by extension 'python_setup_py'
[0.462s] Level 1:colcon.colcon_core.package_identification:_identify(src/grasp_kitchen_interfaces) by extensions ['ignore', 'ignore_ament_install']
[0.462s] Level 1:colcon.colcon_core.package_identification:_identify(src/grasp_kitchen_interfaces) by extension 'ignore'
[0.462s] Level 1:colcon.colcon_core.package_identification:_identify(src/grasp_kitchen_interfaces) by extension 'ignore_ament_install'
[0.462s] Level 1:colcon.colcon_core.package_identification:_identify(src/grasp_kitchen_interfaces) by extensions ['colcon_pkg']
[0.462s] Level 1:colcon.colcon_core.package_identification:_identify(src/grasp_kitchen_interfaces) by extension 'colcon_pkg'
[0.462s] Level 1:colcon.colcon_core.package_identification:_identify(src/grasp_kitchen_interfaces) by extensions ['colcon_meta']
[0.462s] Level 1:colcon.colcon_core.package_identification:_identify(src/grasp_kitchen_interfaces) by extension 'colcon_meta'
[0.462s] Level 1:colcon.colcon_core.package_identification:_identify(src/grasp_kitchen_interfaces) by extensions ['ros']
[0.462s] Level 1:colcon.colcon_core.package_identification:_identify(src/grasp_kitchen_interfaces) by extension 'ros'
[0.465s] DEBUG:colcon.colcon_core.package_identification:Package 'src/grasp_kitchen_interfaces' with type 'ros.ament_cmake' and name 'grasp_kitchen_interfaces'
[0.465s] Level 1:colcon.colcon_core.package_identification:_identify(src/grasp_kitchen_ros2) by extensions ['ignore', 'ignore_ament_install']
[0.465s] Level 1:colcon.colcon_core.package_identification:_identify(src/grasp_kitchen_ros2) by extension 'ignore'
[0.465s] Level 1:colcon.colcon_core.package_identification:_identify(src/grasp_kitchen_ros2) by extension 'ignore_ament_install'
[0.465s] Level 1:colcon.colcon_core.package_identification:_identify(src/grasp_kitchen_ros2) by extensions ['colcon_pkg']
[0.465s] Level 1:colcon.colcon_core.package_identification:_identify(src/grasp_kitchen_ros2) by extension 'colcon_pkg'
[0.465s] Level 1:colcon.colcon_core.package_identification:_identify(src/grasp_kitchen_ros2) by extensions ['colcon_meta']
[0.465s] Level 1:colcon.colcon_core.package_identification:_identify(src/grasp_kitchen_ros2) by extension 'colcon_meta'
[0.465s] Level 1:colcon.colcon_core.package_identification:_identify(src/grasp_kitchen_ros2) by extensions ['ros']
[0.465s] Level 1:colcon.colcon_core.package_identification:_identify(src/grasp_kitchen_ros2) by extension 'ros'
[0.466s] DEBUG:colcon.colcon_core.package_identification:Package 'src/grasp_kitchen_ros2' with type 'ros.ament_cmake' and name 'grasp_kitchen_ros2'
[0.466s] Level 1:colcon.colcon_core.package_identification:_identify(src/offline_tools) by extensions ['ignore', 'ignore_ament_install']
[0.466s] Level 1:colcon.colcon_core.package_identification:_identify(src/offline_tools) by extension 'ignore'
[0.466s] Level 1:colcon.colcon_core.package_identification:_identify(src/offline_tools) by extension 'ignore_ament_install'
[0.466s] Level 1:colcon.colcon_core.package_identification:_identify(src/offline_tools) by extensions ['colcon_pkg']
[0.466s] Level 1:colcon.colcon_core.package_identification:_identify(src/offline_tools) by extension 'colcon_pkg'
[0.466s] Level 1:colcon.colcon_core.package_identification:_identify(src/offline_tools) by extensions ['colcon_meta']
[0.466s] Level 1:colcon.colcon_core.package_identification:_identify(src/offline_tools) by extension 'colcon_meta'
[0.466s] Level 1:colcon.colcon_core.package_identification:_identify(src/offline_tools) by extensions ['ros']
[0.466s] Level 1:colcon.colcon_core.package_identification:_identify(src/offline_tools) by extension 'ros'
[0.466s] Level 1:colcon.colcon_core.package_identification:_identify(src/offline_tools) by extensions ['cmake', 'python']
[0.466s] Level 1:colcon.colcon_core.package_identification:_identify(src/offline_tools) by extension 'cmake'
[0.466s] Level 1:colcon.colcon_core.package_identification:_identify(src/offline_tools) by extension 'python'
[0.466s] Level 1:colcon.colcon_core.package_identification:_identify(src/offline_tools) by extensions ['python_setup_py']
[0.466s] Level 1:colcon.colcon_core.package_identification:_identify(src/offline_tools) by extension 'python_setup_py'
[0.466s] Level 1:colcon.colcon_core.package_identification:_identify(src/test) by extensions ['ignore', 'ignore_ament_install']
[0.466s] Level 1:colcon.colcon_core.package_identification:_identify(src/test) by extension 'ignore'
[0.466s] Level 1:colcon.colcon_core.package_identification:_identify(src/test) by extension 'ignore_ament_install'
[0.466s] Level 1:colcon.colcon_core.package_identification:_identify(src/test) by extensions ['colcon_pkg']
[0.466s] Level 1:colcon.colcon_core.package_identification:_identify(src/test) by extension 'colcon_pkg'
[0.466s] Level 1:colcon.colcon_core.package_identification:_identify(src/test) by extensions ['colcon_meta']
[0.466s] Level 1:colcon.colcon_core.package_identification:_identify(src/test) by extension 'colcon_meta'
[0.466s] Level 1:colcon.colcon_core.package_identification:_identify(src/test) by extensions ['ros']
[0.466s] Level 1:colcon.colcon_core.package_identification:_identify(src/test) by extension 'ros'
[0.466s] Level 1:colcon.colcon_core.package_identification:_identify(src/test) by extensions ['cmake', 'python']
[0.466s] Level 1:colcon.colcon_core.package_identification:_identify(src/test) by extension 'cmake'
[0.466s] Level 1:colcon.colcon_core.package_identification:_identify(src/test) by extension 'python'
[0.466s] Level 1:colcon.colcon_core.package_identification:_identify(src/test) by extensions ['python_setup_py']
[0.466s] Level 1:colcon.colcon_core.package_identification:_identify(src/test) by extension 'python_setup_py'
[0.466s] Level 1:colcon.colcon_core.package_discovery:discover_packages(recursive) using defaults
[0.467s] Level 1:colcon.colcon_core.package_discovery:discover_packages(ignore) discover
[0.467s] Level 1:colcon.colcon_core.package_discovery:discover_packages(ignore) using defaults
[0.467s] Level 1:colcon.colcon_core.package_discovery:discover_packages(path) discover
[0.467s] Level 1:colcon.colcon_core.package_discovery:discover_packages(path) using defaults
[0.490s] Level 1:colcon.colcon_core.package_discovery:discover_packages(prefix_path) check parameters
[0.490s] Level 1:colcon.colcon_core.package_discovery:discover_packages(prefix_path) discover
[0.494s] DEBUG:colcon.colcon_installed_package_information.package_discovery:Found 316 installed packages in /opt/ros/humble
[0.502s] Level 1:colcon.colcon_core.package_discovery:discover_packages(prefix_path) using defaults
[0.578s] Level 5:colcon.colcon_core.verb:set package 'grasp_kitchen_interfaces' build argument 'cmake_args' from command line to 'None'
[0.578s] Level 5:colcon.colcon_core.verb:set package 'grasp_kitchen_interfaces' build argument 'cmake_target' from command line to 'None'
[0.578s] Level 5:colcon.colcon_core.verb:set package 'grasp_kitchen_interfaces' build argument 'cmake_target_skip_unavailable' from command line to 'False'
[0.578s] Level 5:colcon.colcon_core.verb:set package 'grasp_kitchen_interfaces' build argument 'cmake_clean_cache' from command line to 'False'
[0.578s] Level 5:colcon.colcon_core.verb:set package 'grasp_kitchen_interfaces' build argument 'cmake_clean_first' from command line to 'False'
[0.578s] Level 5:colcon.colcon_core.verb:set package 'grasp_kitchen_interfaces' build argument 'cmake_force_configure' from command line to 'False'
[0.578s] Level 5:colcon.colcon_core.verb:set package 'grasp_kitchen_interfaces' build argument 'ament_cmake_args' from command line to 'None'
[0.578s] Level 5:colcon.colcon_core.verb:set package 'grasp_kitchen_interfaces' build argument 'catkin_cmake_args' from command line to 'None'
[0.578s] Level 5:colcon.colcon_core.verb:set package 'grasp_kitchen_interfaces' build argument 'catkin_skip_building_tests' from command line to 'False'
[0.579s] DEBUG:colcon.colcon_core.verb:Building package 'grasp_kitchen_interfaces' with the following arguments: {'ament_cmake_args': None, 'build_base': '/home/kim/projects/dexchef_ws/build/grasp_kitchen_interfaces', 'catkin_cmake_args': None, 'catkin_skip_building_tests': False, 'cmake_args': None, 'cmake_clean_cache': False, 'cmake_clean_first': False, 'cmake_force_configure': False, 'cmake_target': None, 'cmake_target_skip_unavailable': False, 'install_base': '/home/kim/projects/dexchef_ws/install/grasp_kitchen_interfaces', 'merge_install': False, 'path': '/home/kim/projects/dexchef_ws/src/grasp_kitchen_interfaces', 'symlink_install': True, 'test_result_base': None}
[0.579s] Level 5:colcon.colcon_core.verb:set package 'grasp_kitchen_ros2' build argument 'cmake_args' from command line to 'None'
[0.579s] Level 5:colcon.colcon_core.verb:set package 'grasp_kitchen_ros2' build argument 'cmake_target' from command line to 'None'
[0.579s] Level 5:colcon.colcon_core.verb:set package 'grasp_kitchen_ros2' build argument 'cmake_target_skip_unavailable' from command line to 'False'
[0.579s] Level 5:colcon.colcon_core.verb:set package 'grasp_kitchen_ros2' build argument 'cmake_clean_cache' from command line to 'False'
[0.579s] Level 5:colcon.colcon_core.verb:set package 'grasp_kitchen_ros2' build argument 'cmake_clean_first' from command line to 'False'
[0.579s] Level 5:colcon.colcon_core.verb:set package 'grasp_kitchen_ros2' build argument 'cmake_force_configure' from command line to 'False'
[0.579s] Level 5:colcon.colcon_core.verb:set package 'grasp_kitchen_ros2' build argument 'ament_cmake_args' from command line to 'None'
[0.579s] Level 5:colcon.colcon_core.verb:set package 'grasp_kitchen_ros2' build argument 'catkin_cmake_args' from command line to 'None'
[0.579s] Level 5:colcon.colcon_core.verb:set package 'grasp_kitchen_ros2' build argument 'catkin_skip_building_tests' from command line to 'False'
[0.579s] DEBUG:colcon.colcon_core.verb:Building package 'grasp_kitchen_ros2' with the following arguments: {'ament_cmake_args': None, 'build_base': '/home/kim/projects/dexchef_ws/build/grasp_kitchen_ros2', 'catkin_cmake_args': None, 'catkin_skip_building_tests': False, 'cmake_args': None, 'cmake_clean_cache': False, 'cmake_clean_first': False, 'cmake_force_configure': False, 'cmake_target': None, 'cmake_target_skip_unavailable': False, 'install_base': '/home/kim/projects/dexchef_ws/install/grasp_kitchen_ros2', 'merge_install': False, 'path': '/home/kim/projects/dexchef_ws/src/grasp_kitchen_ros2', 'symlink_install': True, 'test_result_base': None}
[0.579s] INFO:colcon.colcon_core.executor:Executing jobs using 'parallel' executor
[0.580s] DEBUG:colcon.colcon_parallel_executor.executor.parallel:run_until_complete
[0.580s] INFO:colcon.colcon_ros.task.ament_cmake.build:Building ROS package in '/home/kim/projects/dexchef_ws/src/grasp_kitchen_interfaces' with build type 'ament_cmake'
[0.580s] INFO:colcon.colcon_cmake.task.cmake.build:Building CMake package in '/home/kim/projects/dexchef_ws/src/grasp_kitchen_interfaces'
[0.585s] INFO:colcon.colcon_core.plugin_system:Skipping extension 'colcon_core.shell.bat': Not used on non-Windows systems
[0.585s] INFO:colcon.colcon_core.shell:Skip shell extension 'powershell' for command environment: Not usable outside of PowerShell
[0.585s] DEBUG:colcon.colcon_core.shell:Skip shell extension 'dsv' for command environment
[0.591s] DEBUG:colcon.colcon_core.event_handler.log_command:Invoking command in '/home/kim/projects/dexchef_ws/build/grasp_kitchen_interfaces': CMAKE_PREFIX_PATH=/opt/ros/humble /usr/bin/cmake /home/kim/projects/dexchef_ws/src/grasp_kitchen_interfaces -DAMENT_CMAKE_SYMLINK_INSTALL=1 -DCMAKE_INSTALL_PREFIX=/home/kim/projects/dexchef_ws/install/grasp_kitchen_interfaces
[2.467s] DEBUG:colcon.colcon_core.event_handler.log_command:Invoked command in '/home/kim/projects/dexchef_ws/build/grasp_kitchen_interfaces' returned '0': CMAKE_PREFIX_PATH=/opt/ros/humble /usr/bin/cmake /home/kim/projects/dexchef_ws/src/grasp_kitchen_interfaces -DAMENT_CMAKE_SYMLINK_INSTALL=1 -DCMAKE_INSTALL_PREFIX=/home/kim/projects/dexchef_ws/install/grasp_kitchen_interfaces
[2.469s] DEBUG:colcon.colcon_core.event_handler.log_command:Invoking command in '/home/kim/projects/dexchef_ws/build/grasp_kitchen_interfaces': CMAKE_PREFIX_PATH=/opt/ros/humble /usr/bin/cmake --build /home/kim/projects/dexchef_ws/build/grasp_kitchen_interfaces -- -j16 -l16
[6.838s] DEBUG:colcon.colcon_core.event_handler.log_command:Invoked command in '/home/kim/projects/dexchef_ws/build/grasp_kitchen_interfaces' returned '0': CMAKE_PREFIX_PATH=/opt/ros/humble /usr/bin/cmake --build /home/kim/projects/dexchef_ws/build/grasp_kitchen_interfaces -- -j16 -l16
[6.843s] DEBUG:colcon.colcon_core.event_handler.log_command:Invoking command in '/home/kim/projects/dexchef_ws/build/grasp_kitchen_interfaces': CMAKE_PREFIX_PATH=/opt/ros/humble /usr/bin/cmake --install /home/kim/projects/dexchef_ws/build/grasp_kitchen_interfaces
[7.797s] Level 1:colcon.colcon_core.environment:create_environment_scripts_only(grasp_kitchen_interfaces)
[7.797s] DEBUG:colcon.colcon_core.event_handler.log_command:Invoked command in '/home/kim/projects/dexchef_ws/build/grasp_kitchen_interfaces' returned '0': CMAKE_PREFIX_PATH=/opt/ros/humble /usr/bin/cmake --install /home/kim/projects/dexchef_ws/build/grasp_kitchen_interfaces
[7.804s] Level 1:colcon.colcon_core.environment:checking '/home/kim/projects/dexchef_ws/install/grasp_kitchen_interfaces' for CMake module files
[7.805s] Level 1:colcon.colcon_core.environment:checking '/home/kim/projects/dexchef_ws/install/grasp_kitchen_interfaces' for CMake config files
[7.805s] Level 1:colcon.colcon_core.shell:create_environment_hook('grasp_kitchen_interfaces', 'cmake_prefix_path')
[7.805s] INFO:colcon.colcon_core.shell:Creating environment hook '/home/kim/projects/dexchef_ws/install/grasp_kitchen_interfaces/share/grasp_kitchen_interfaces/hook/cmake_prefix_path.ps1'
[7.806s] INFO:colcon.colcon_core.shell:Creating environment descriptor '/home/kim/projects/dexchef_ws/install/grasp_kitchen_interfaces/share/grasp_kitchen_interfaces/hook/cmake_prefix_path.dsv'
[7.807s] INFO:colcon.colcon_core.shell:Creating environment hook '/home/kim/projects/dexchef_ws/install/grasp_kitchen_interfaces/share/grasp_kitchen_interfaces/hook/cmake_prefix_path.sh'
[7.808s] Level 1:colcon.colcon_core.environment:checking '/home/kim/projects/dexchef_ws/install/grasp_kitchen_interfaces/lib'
[7.808s] Level 1:colcon.colcon_core.shell:create_environment_hook('grasp_kitchen_interfaces', 'ld_library_path_lib')
[7.808s] INFO:colcon.colcon_core.shell:Creating environment hook '/home/kim/projects/dexchef_ws/install/grasp_kitchen_interfaces/share/grasp_kitchen_interfaces/hook/ld_library_path_lib.ps1'
[7.808s] INFO:colcon.colcon_core.shell:Creating environment descriptor '/home/kim/projects/dexchef_ws/install/grasp_kitchen_interfaces/share/grasp_kitchen_interfaces/hook/ld_library_path_lib.dsv'
[7.809s] INFO:colcon.colcon_core.shell:Creating environment hook '/home/kim/projects/dexchef_ws/install/grasp_kitchen_interfaces/share/grasp_kitchen_interfaces/hook/ld_library_path_lib.sh'
[7.809s] Level 1:colcon.colcon_core.environment:checking '/home/kim/projects/dexchef_ws/install/grasp_kitchen_interfaces/bin'
[7.809s] Level 1:colcon.colcon_core.environment:checking '/home/kim/projects/dexchef_ws/install/grasp_kitchen_interfaces/lib/pkgconfig/grasp_kitchen_interfaces.pc'
[7.809s] Level 1:colcon.colcon_core.environment:checking '/home/kim/projects/dexchef_ws/install/grasp_kitchen_interfaces/lib/python3.10/site-packages'
[7.809s] Level 1:colcon.colcon_core.environment:checking '/home/kim/projects/dexchef_ws/install/grasp_kitchen_interfaces/bin'
[7.809s] INFO:colcon.colcon_core.shell:Creating package script '/home/kim/projects/dexchef_ws/install/grasp_kitchen_interfaces/share/grasp_kitchen_interfaces/package.ps1'
[7.810s] INFO:colcon.colcon_core.shell:Creating package descriptor '/home/kim/projects/dexchef_ws/install/grasp_kitchen_interfaces/share/grasp_kitchen_interfaces/package.dsv'
[7.811s] INFO:colcon.colcon_core.shell:Creating package script '/home/kim/projects/dexchef_ws/install/grasp_kitchen_interfaces/share/grasp_kitchen_interfaces/package.sh'
[7.812s] INFO:colcon.colcon_core.shell:Creating package script '/home/kim/projects/dexchef_ws/install/grasp_kitchen_interfaces/share/grasp_kitchen_interfaces/package.bash'
[7.812s] INFO:colcon.colcon_core.shell:Creating package script '/home/kim/projects/dexchef_ws/install/grasp_kitchen_interfaces/share/grasp_kitchen_interfaces/package.zsh'
[7.813s] Level 1:colcon.colcon_core.environment:create_file_with_runtime_dependencies(/home/kim/projects/dexchef_ws/install/grasp_kitchen_interfaces/share/colcon-core/packages/grasp_kitchen_interfaces)
[7.814s] Level 1:colcon.colcon_core.environment:create_environment_scripts_only(grasp_kitchen_interfaces)
[7.814s] Level 1:colcon.colcon_core.environment:checking '/home/kim/projects/dexchef_ws/install/grasp_kitchen_interfaces' for CMake module files
[7.815s] Level 1:colcon.colcon_core.environment:checking '/home/kim/projects/dexchef_ws/install/grasp_kitchen_interfaces' for CMake config files
[7.815s] Level 1:colcon.colcon_core.shell:create_environment_hook('grasp_kitchen_interfaces', 'cmake_prefix_path')
[7.815s] INFO:colcon.colcon_core.shell:Creating environment hook '/home/kim/projects/dexchef_ws/install/grasp_kitchen_interfaces/share/grasp_kitchen_interfaces/hook/cmake_prefix_path.ps1'
[7.816s] INFO:colcon.colcon_core.shell:Creating environment descriptor '/home/kim/projects/dexchef_ws/install/grasp_kitchen_interfaces/share/grasp_kitchen_interfaces/hook/cmake_prefix_path.dsv'
[7.816s] INFO:colcon.colcon_core.shell:Creating environment hook '/home/kim/projects/dexchef_ws/install/grasp_kitchen_interfaces/share/grasp_kitchen_interfaces/hook/cmake_prefix_path.sh'
[7.816s] Level 1:colcon.colcon_core.environment:checking '/home/kim/projects/dexchef_ws/install/grasp_kitchen_interfaces/lib'
[7.816s] Level 1:colcon.colcon_core.shell:create_environment_hook('grasp_kitchen_interfaces', 'ld_library_path_lib')
[7.816s] INFO:colcon.colcon_core.shell:Creating environment hook '/home/kim/projects/dexchef_ws/install/grasp_kitchen_interfaces/share/grasp_kitchen_interfaces/hook/ld_library_path_lib.ps1'
[7.816s] INFO:colcon.colcon_core.shell:Creating environment descriptor '/home/kim/projects/dexchef_ws/install/grasp_kitchen_interfaces/share/grasp_kitchen_interfaces/hook/ld_library_path_lib.dsv'
[7.817s] INFO:colcon.colcon_core.shell:Creating environment hook '/home/kim/projects/dexchef_ws/install/grasp_kitchen_interfaces/share/grasp_kitchen_interfaces/hook/ld_library_path_lib.sh'
[7.817s] Level 1:colcon.colcon_core.environment:checking '/home/kim/projects/dexchef_ws/install/grasp_kitchen_interfaces/bin'
[7.817s] Level 1:colcon.colcon_core.environment:checking '/home/kim/projects/dexchef_ws/install/grasp_kitchen_interfaces/lib/pkgconfig/grasp_kitchen_interfaces.pc'
[7.817s] Level 1:colcon.colcon_core.environment:checking '/home/kim/projects/dexchef_ws/install/grasp_kitchen_interfaces/lib/python3.10/site-packages'
[7.817s] Level 1:colcon.colcon_core.environment:checking '/home/kim/projects/dexchef_ws/install/grasp_kitchen_interfaces/bin'
[7.817s] INFO:colcon.colcon_core.shell:Creating package script '/home/kim/projects/dexchef_ws/install/grasp_kitchen_interfaces/share/grasp_kitchen_interfaces/package.ps1'
[7.818s] INFO:colcon.colcon_core.shell:Creating package descriptor '/home/kim/projects/dexchef_ws/install/grasp_kitchen_interfaces/share/grasp_kitchen_interfaces/package.dsv'
[7.818s] INFO:colcon.colcon_core.shell:Creating package script '/home/kim/projects/dexchef_ws/install/grasp_kitchen_interfaces/share/grasp_kitchen_interfaces/package.sh'
[7.818s] INFO:colcon.colcon_core.shell:Creating package script '/home/kim/projects/dexchef_ws/install/grasp_kitchen_interfaces/share/grasp_kitchen_interfaces/package.bash'
[7.818s] INFO:colcon.colcon_core.shell:Creating package script '/home/kim/projects/dexchef_ws/install/grasp_kitchen_interfaces/share/grasp_kitchen_interfaces/package.zsh'
[7.819s] Level 1:colcon.colcon_core.environment:create_file_with_runtime_dependencies(/home/kim/projects/dexchef_ws/install/grasp_kitchen_interfaces/share/colcon-core/packages/grasp_kitchen_interfaces)
[7.819s] INFO:colcon.colcon_ros.task.ament_cmake.build:Building ROS package in '/home/kim/projects/dexchef_ws/src/grasp_kitchen_ros2' with build type 'ament_cmake'
[7.819s] INFO:colcon.colcon_cmake.task.cmake.build:Building CMake package in '/home/kim/projects/dexchef_ws/src/grasp_kitchen_ros2'
[7.819s] INFO:colcon.colcon_core.shell:Skip shell extension 'powershell' for command environment: Not usable outside of PowerShell
[7.819s] DEBUG:colcon.colcon_core.shell:Skip shell extension 'dsv' for command environment
[7.883s] DEBUG:colcon.colcon_core.event_handler.log_command:Invoking command in '/home/kim/projects/dexchef_ws/build/grasp_kitchen_ros2': AMENT_PREFIX_PATH=/home/kim/projects/dexchef_ws/install/grasp_kitchen_interfaces:${AMENT_PREFIX_PATH} CMAKE_PREFIX_PATH=/home/kim/projects/dexchef_ws/install/grasp_kitchen_interfaces:/opt/ros/humble LD_LIBRARY_PATH=/home/kim/projects/dexchef_ws/install/grasp_kitchen_interfaces/lib:${LD_LIBRARY_PATH} PYTHONPATH=/home/kim/projects/dexchef_ws/install/grasp_kitchen_interfaces/local/lib/python3.10/dist-packages:${PYTHONPATH} /usr/bin/cmake /home/kim/projects/dexchef_ws/src/grasp_kitchen_ros2 -DAMENT_CMAKE_SYMLINK_INSTALL=1 -DCMAKE_INSTALL_PREFIX=/home/kim/projects/dexchef_ws/install/grasp_kitchen_ros2
[9.174s] DEBUG:colcon.colcon_core.event_handler.log_command:Invoked command in '/home/kim/projects/dexchef_ws/build/grasp_kitchen_ros2' returned '0': AMENT_PREFIX_PATH=/home/kim/projects/dexchef_ws/install/grasp_kitchen_interfaces:${AMENT_PREFIX_PATH} CMAKE_PREFIX_PATH=/home/kim/projects/dexchef_ws/install/grasp_kitchen_interfaces:/opt/ros/humble LD_LIBRARY_PATH=/home/kim/projects/dexchef_ws/install/grasp_kitchen_interfaces/lib:${LD_LIBRARY_PATH} PYTHONPATH=/home/kim/projects/dexchef_ws/install/grasp_kitchen_interfaces/local/lib/python3.10/dist-packages:${PYTHONPATH} /usr/bin/cmake /home/kim/projects/dexchef_ws/src/grasp_kitchen_ros2 -DAMENT_CMAKE_SYMLINK_INSTALL=1 -DCMAKE_INSTALL_PREFIX=/home/kim/projects/dexchef_ws/install/grasp_kitchen_ros2
[9.175s] DEBUG:colcon.colcon_core.event_handler.log_command:Invoking command in '/home/kim/projects/dexchef_ws/build/grasp_kitchen_ros2': AMENT_PREFIX_PATH=/home/kim/projects/dexchef_ws/install/grasp_kitchen_interfaces:${AMENT_PREFIX_PATH} CMAKE_PREFIX_PATH=/home/kim/projects/dexchef_ws/install/grasp_kitchen_interfaces:/opt/ros/humble LD_LIBRARY_PATH=/home/kim/projects/dexchef_ws/install/grasp_kitchen_interfaces/lib:${LD_LIBRARY_PATH} PYTHONPATH=/home/kim/projects/dexchef_ws/install/grasp_kitchen_interfaces/local/lib/python3.10/dist-packages:${PYTHONPATH} /usr/bin/cmake --build /home/kim/projects/dexchef_ws/build/grasp_kitchen_ros2 -- -j16 -l16
[9.380s] DEBUG:colcon.colcon_core.event_handler.log_command:Invoked command in '/home/kim/projects/dexchef_ws/build/grasp_kitchen_ros2' returned '0': AMENT_PREFIX_PATH=/home/kim/projects/dexchef_ws/install/grasp_kitchen_interfaces:${AMENT_PREFIX_PATH} CMAKE_PREFIX_PATH=/home/kim/projects/dexchef_ws/install/grasp_kitchen_interfaces:/opt/ros/humble LD_LIBRARY_PATH=/home/kim/projects/dexchef_ws/install/grasp_kitchen_interfaces/lib:${LD_LIBRARY_PATH} PYTHONPATH=/home/kim/projects/dexchef_ws/install/grasp_kitchen_interfaces/local/lib/python3.10/dist-packages:${PYTHONPATH} /usr/bin/cmake --build /home/kim/projects/dexchef_ws/build/grasp_kitchen_ros2 -- -j16 -l16
[9.380s] DEBUG:colcon.colcon_core.event_handler.log_command:Invoking command in '/home/kim/projects/dexchef_ws/build/grasp_kitchen_ros2': AMENT_PREFIX_PATH=/home/kim/projects/dexchef_ws/install/grasp_kitchen_interfaces:${AMENT_PREFIX_PATH} CMAKE_PREFIX_PATH=/home/kim/projects/dexchef_ws/install/grasp_kitchen_interfaces:/opt/ros/humble LD_LIBRARY_PATH=/home/kim/projects/dexchef_ws/install/grasp_kitchen_interfaces/lib:${LD_LIBRARY_PATH} PYTHONPATH=/home/kim/projects/dexchef_ws/install/grasp_kitchen_interfaces/local/lib/python3.10/dist-packages:${PYTHONPATH} /usr/bin/cmake --install /home/kim/projects/dexchef_ws/build/grasp_kitchen_ros2
[11.938s] Level 1:colcon.colcon_core.environment:create_environment_scripts_only(grasp_kitchen_ros2)
[11.938s] DEBUG:colcon.colcon_core.event_handler.log_command:Invoked command in '/home/kim/projects/dexchef_ws/build/grasp_kitchen_ros2' returned '0': AMENT_PREFIX_PATH=/home/kim/projects/dexchef_ws/install/grasp_kitchen_interfaces:${AMENT_PREFIX_PATH} CMAKE_PREFIX_PATH=/home/kim/projects/dexchef_ws/install/grasp_kitchen_interfaces:/opt/ros/humble LD_LIBRARY_PATH=/home/kim/projects/dexchef_ws/install/grasp_kitchen_interfaces/lib:${LD_LIBRARY_PATH} PYTHONPATH=/home/kim/projects/dexchef_ws/install/grasp_kitchen_interfaces/local/lib/python3.10/dist-packages:${PYTHONPATH} /usr/bin/cmake --install /home/kim/projects/dexchef_ws/build/grasp_kitchen_ros2
[11.939s] Level 1:colcon.colcon_core.environment:checking '/home/kim/projects/dexchef_ws/install/grasp_kitchen_ros2' for CMake module files
[11.939s] Level 1:colcon.colcon_core.environment:checking '/home/kim/projects/dexchef_ws/install/grasp_kitchen_ros2' for CMake config files
[11.942s] Level 1:colcon.colcon_core.shell:create_environment_hook('grasp_kitchen_ros2', 'cmake_prefix_path')
[11.942s] INFO:colcon.colcon_core.shell:Creating environment hook '/home/kim/projects/dexchef_ws/install/grasp_kitchen_ros2/share/grasp_kitchen_ros2/hook/cmake_prefix_path.ps1'
[11.942s] INFO:colcon.colcon_core.shell:Creating environment descriptor '/home/kim/projects/dexchef_ws/install/grasp_kitchen_ros2/share/grasp_kitchen_ros2/hook/cmake_prefix_path.dsv'
[11.943s] INFO:colcon.colcon_core.shell:Creating environment hook '/home/kim/projects/dexchef_ws/install/grasp_kitchen_ros2/share/grasp_kitchen_ros2/hook/cmake_prefix_path.sh'
[11.943s] Level 1:colcon.colcon_core.environment:checking '/home/kim/projects/dexchef_ws/install/grasp_kitchen_ros2/lib'
[11.943s] Level 1:colcon.colcon_core.environment:checking '/home/kim/projects/dexchef_ws/install/grasp_kitchen_ros2/bin'
[11.943s] Level 1:colcon.colcon_core.environment:checking '/home/kim/projects/dexchef_ws/install/grasp_kitchen_ros2/lib/pkgconfig/grasp_kitchen_ros2.pc'
[11.943s] Level 1:colcon.colcon_core.environment:checking '/home/kim/projects/dexchef_ws/install/grasp_kitchen_ros2/lib/python3.10/site-packages'
[11.943s] Level 1:colcon.colcon_core.environment:checking '/home/kim/projects/dexchef_ws/install/grasp_kitchen_ros2/bin'
[11.944s] INFO:colcon.colcon_core.shell:Creating package script '/home/kim/projects/dexchef_ws/install/grasp_kitchen_ros2/share/grasp_kitchen_ros2/package.ps1'
[11.945s] INFO:colcon.colcon_core.shell:Creating package descriptor '/home/kim/projects/dexchef_ws/install/grasp_kitchen_ros2/share/grasp_kitchen_ros2/package.dsv'
[11.945s] INFO:colcon.colcon_core.shell:Creating package script '/home/kim/projects/dexchef_ws/install/grasp_kitchen_ros2/share/grasp_kitchen_ros2/package.sh'
[11.945s] INFO:colcon.colcon_core.shell:Creating package script '/home/kim/projects/dexchef_ws/install/grasp_kitchen_ros2/share/grasp_kitchen_ros2/package.bash'
[11.946s] INFO:colcon.colcon_core.shell:Creating package script '/home/kim/projects/dexchef_ws/install/grasp_kitchen_ros2/share/grasp_kitchen_ros2/package.zsh'
[11.946s] Level 1:colcon.colcon_core.environment:create_file_with_runtime_dependencies(/home/kim/projects/dexchef_ws/install/grasp_kitchen_ros2/share/colcon-core/packages/grasp_kitchen_ros2)
[11.947s] Level 1:colcon.colcon_core.environment:create_environment_scripts_only(grasp_kitchen_ros2)
[11.947s] Level 1:colcon.colcon_core.environment:checking '/home/kim/projects/dexchef_ws/install/grasp_kitchen_ros2' for CMake module files
[11.947s] Level 1:colcon.colcon_core.environment:checking '/home/kim/projects/dexchef_ws/install/grasp_kitchen_ros2' for CMake config files
[11.950s] Level 1:colcon.colcon_core.shell:create_environment_hook('grasp_kitchen_ros2', 'cmake_prefix_path')
[11.950s] INFO:colcon.colcon_core.shell:Creating environment hook '/home/kim/projects/dexchef_ws/install/grasp_kitchen_ros2/share/grasp_kitchen_ros2/hook/cmake_prefix_path.ps1'
[11.950s] INFO:colcon.colcon_core.shell:Creating environment descriptor '/home/kim/projects/dexchef_ws/install/grasp_kitchen_ros2/share/grasp_kitchen_ros2/hook/cmake_prefix_path.dsv'
[11.951s] INFO:colcon.colcon_core.shell:Creating environment hook '/home/kim/projects/dexchef_ws/install/grasp_kitchen_ros2/share/grasp_kitchen_ros2/hook/cmake_prefix_path.sh'
[11.951s] Level 1:colcon.colcon_core.environment:checking '/home/kim/projects/dexchef_ws/install/grasp_kitchen_ros2/lib'
[11.951s] Level 1:colcon.colcon_core.environment:checking '/home/kim/projects/dexchef_ws/install/grasp_kitchen_ros2/bin'
[11.951s] Level 1:colcon.colcon_core.environment:checking '/home/kim/projects/dexchef_ws/install/grasp_kitchen_ros2/lib/pkgconfig/grasp_kitchen_ros2.pc'
[11.951s] Level 1:colcon.colcon_core.environment:checking '/home/kim/projects/dexchef_ws/install/grasp_kitchen_ros2/lib/python3.10/site-packages'
[11.952s] Level 1:colcon.colcon_core.environment:checking '/home/kim/projects/dexchef_ws/install/grasp_kitchen_ros2/bin'
[11.952s] INFO:colcon.colcon_core.shell:Creating package script '/home/kim/projects/dexchef_ws/install/grasp_kitchen_ros2/share/grasp_kitchen_ros2/package.ps1'
[11.952s] INFO:colcon.colcon_core.shell:Creating package descriptor '/home/kim/projects/dexchef_ws/install/grasp_kitchen_ros2/share/grasp_kitchen_ros2/package.dsv'
[11.952s] INFO:colcon.colcon_core.shell:Creating package script '/home/kim/projects/dexchef_ws/install/grasp_kitchen_ros2/share/grasp_kitchen_ros2/package.sh'
[11.953s] INFO:colcon.colcon_core.shell:Creating package script '/home/kim/projects/dexchef_ws/install/grasp_kitchen_ros2/share/grasp_kitchen_ros2/package.bash'
[11.953s] INFO:colcon.colcon_core.shell:Creating package script '/home/kim/projects/dexchef_ws/install/grasp_kitchen_ros2/share/grasp_kitchen_ros2/package.zsh'
[11.953s] Level 1:colcon.colcon_core.environment:create_file_with_runtime_dependencies(/home/kim/projects/dexchef_ws/install/grasp_kitchen_ros2/share/colcon-core/packages/grasp_kitchen_ros2)
[11.953s] DEBUG:colcon.colcon_parallel_executor.executor.parallel:closing loop
[11.954s] DEBUG:colcon.colcon_parallel_executor.executor.parallel:loop closed
[11.954s] DEBUG:colcon.colcon_parallel_executor.executor.parallel:run_until_complete finished with '0'
[11.954s] DEBUG:colcon.colcon_core.event_reactor:joining thread
[11.976s] INFO:colcon.colcon_core.plugin_system:Skipping extension 'colcon_notification.desktop_notification.notify_send': Could not find 'notify-send'
[11.977s] INFO:colcon.colcon_core.plugin_system:Skipping extension 'colcon_notification.desktop_notification.terminal_notifier': Not used on non-Darwin systems
[11.977s] INFO:colcon.colcon_core.plugin_system:Skipping extension 'colcon_notification.desktop_notification.win32': Not used on non-Windows systems
[11.977s] INFO:colcon.colcon_notification.desktop_notification:Sending desktop notification using 'notify2'
[11.977s] DEBUG:colcon.colcon_notification.desktop_notification.notify2:Failed to initialize notify2: org.freedesktop.DBus.Error.FileNotFound: Failed to connect to socket /run/user/1000/bus: No such file or directory
[11.977s] DEBUG:colcon.colcon_core.event_reactor:joined thread
[11.977s] INFO:colcon.colcon_core.shell:Creating prefix script '/home/kim/projects/dexchef_ws/install/local_setup.ps1'
[11.978s] INFO:colcon.colcon_core.shell:Creating prefix util module '/home/kim/projects/dexchef_ws/install/_local_setup_util_ps1.py'
[11.979s] INFO:colcon.colcon_core.shell:Creating prefix chain script '/home/kim/projects/dexchef_ws/install/setup.ps1'
[11.980s] INFO:colcon.colcon_core.shell:Creating prefix script '/home/kim/projects/dexchef_ws/install/local_setup.sh'
[11.981s] INFO:colcon.colcon_core.shell:Creating prefix util module '/home/kim/projects/dexchef_ws/install/_local_setup_util_sh.py'
[11.982s] INFO:colcon.colcon_core.shell:Creating prefix chain script '/home/kim/projects/dexchef_ws/install/setup.sh'
[11.983s] INFO:colcon.colcon_core.shell:Creating prefix script '/home/kim/projects/dexchef_ws/install/local_setup.bash'
[11.984s] INFO:colcon.colcon_core.shell:Creating prefix chain script '/home/kim/projects/dexchef_ws/install/setup.bash'
[11.984s] INFO:colcon.colcon_core.shell:Creating prefix script '/home/kim/projects/dexchef_ws/install/local_setup.zsh'
[11.985s] INFO:colcon.colcon_core.shell:Creating prefix chain script '/home/kim/projects/dexchef_ws/install/setup.zsh'
