-- The C compiler identification is GNU 11.4.0
-- The CXX compiler identification is GNU 11.4.0
-- Detecting C compiler ABI info
-- Detecting C compiler ABI info - done
-- Check for working C compiler: /usr/bin/cc - skipped
-- Detecting C compile features
-- Detecting C compile features - done
-- Detecting CXX compiler ABI info
-- Detecting CXX compiler ABI info - done
-- Check for working CXX compiler: /usr/bin/c++ - skipped
-- Detecting CXX compile features
-- Detecting CXX compile features - done
-- Found ament_cmake: 1.3.13 (/opt/ros/humble/share/ament_cmake/cmake)
-- Found Python3: /usr/bin/python3 (found version "3.10.12") found components: Interpreter 
-- Override CMake install command with custom implementation using symlinks instead of copying resources
-- Found rosidl_default_generators: 1.2.0 (/opt/ros/humble/share/rosidl_default_generators/cmake)
-- Using all available rosidl_typesupport_c: rosidl_typesupport_fastrtps_c;rosidl_typesupport_introspection_c
-- Found rosidl_adapter: 3.1.8 (/opt/ros/humble/share/rosidl_adapter/cmake)
-- Using all available rosidl_typesupport_cpp: rosidl_typesupport_fastrtps_cpp;rosidl_typesupport_introspection_cpp
-- Found geometry_msgs: 4.9.1 (/opt/ros/humble/share/geometry_msgs/cmake)
-- Found ament_cmake_ros: 0.10.0 (/opt/ros/humble/share/ament_cmake_ros/cmake)
-- Using all available rosidl_typesupport_c: rosidl_typesupport_fastrtps_c;rosidl_typesupport_introspection_c
-- Using all available rosidl_typesupport_cpp: rosidl_typesupport_fastrtps_cpp;rosidl_typesupport_introspection_cpp
-- Found PythonInterp: /usr/bin/python3 (found suitable version "3.10.12", minimum required is "3.6") 
-- Found python_cmake_module: 0.10.0 (/opt/ros/humble/share/python_cmake_module/cmake)
-- Found PythonLibs: /usr/lib/x86_64-linux-gnu/libpython3.10.so (found suitable version "3.10.12", minimum required is "3.5") 
-- Using PYTHON_EXECUTABLE: /usr/bin/python3
-- Using PYTHON_INCLUDE_DIRS: /usr/include/python3.10
-- Using PYTHON_LIBRARIES: /usr/lib/x86_64-linux-gnu/libpython3.10.so
-- Found PythonExtra: .so  
-- Configuring done
-- Generating done
-- Build files have been written to: /home/kim/projects/dexchef_ws/build/grasp_kitchen_interfaces
[  1%] [34m[1mGenerating C code for ROS interfaces[0m
[  2%] [34m[1mGenerating C++ code for ROS interfaces[0m
[  2%] Built target ament_cmake_python_symlink_grasp_kitchen_interfaces
running egg_info
creating grasp_kitchen_interfaces.egg-info
writing grasp_kitchen_interfaces.egg-info/PKG-INFO
writing dependency_links to grasp_kitchen_interfaces.egg-info/dependency_links.txt
writing top-level names to grasp_kitchen_interfaces.egg-info/top_level.txt
writing manifest file 'grasp_kitchen_interfaces.egg-info/SOURCES.txt'
reading manifest file 'grasp_kitchen_interfaces.egg-info/SOURCES.txt'
writing manifest file 'grasp_kitchen_interfaces.egg-info/SOURCES.txt'
[  2%] Built target ament_cmake_python_build_grasp_kitchen_interfaces_egg
[  2%] Built target grasp_kitchen_interfaces__cpp
[  3%] [32mBuilding C object CMakeFiles/grasp_kitchen_interfaces__rosidl_generator_c.dir/rosidl_generator_c/grasp_kitchen_interfaces/msg/detail/object_detection__functions.c.o[0m
[  5%] [32mBuilding C object CMakeFiles/grasp_kitchen_interfaces__rosidl_generator_c.dir/rosidl_generator_c/grasp_kitchen_interfaces/msg/detail/scene_perception__functions.c.o[0m
[  6%] [32mBuilding C object CMakeFiles/grasp_kitchen_interfaces__rosidl_generator_c.dir/rosidl_generator_c/grasp_kitchen_interfaces/srv/detail/set_io__functions.c.o[0m
[  7%] [32mBuilding C object CMakeFiles/grasp_kitchen_interfaces__rosidl_generator_c.dir/rosidl_generator_c/grasp_kitchen_interfaces/msg/detail/task_target__functions.c.o[0m
[  8%] [32mBuilding C object CMakeFiles/grasp_kitchen_interfaces__rosidl_generator_c.dir/rosidl_generator_c/grasp_kitchen_interfaces/srv/detail/start_task__functions.c.o[0m
[ 10%] [32mBuilding C object CMakeFiles/grasp_kitchen_interfaces__rosidl_generator_c.dir/rosidl_generator_c/grasp_kitchen_interfaces/action/detail/follow_cartesian_trajectory__functions.c.o[0m
[ 11%] [32mBuilding C object CMakeFiles/grasp_kitchen_interfaces__rosidl_generator_c.dir/rosidl_generator_c/grasp_kitchen_interfaces/action/detail/execute_task__functions.c.o[0m
[ 13%] [34m[1mGenerating C++ type support dispatch for ROS interfaces[0m
[ 12%] [34m[1mGenerating C++ introspection for ROS interfaces[0m
[ 15%] [34m[1mGenerating C++ type support for eProsima Fast-RTPS[0m
[ 16%] [32m[1mLinking C shared library libgrasp_kitchen_interfaces__rosidl_generator_c.so[0m
[ 16%] Built target grasp_kitchen_interfaces__rosidl_generator_c
[ 17%] [34m[1mGenerating C type support for eProsima Fast-RTPS[0m
[ 18%] [34m[1mGenerating C introspection for ROS interfaces[0m
[ 20%] [34m[1mGenerating C type support dispatch for ROS interfaces[0m
[ 21%] [32mBuilding CXX object CMakeFiles/grasp_kitchen_interfaces__rosidl_typesupport_cpp.dir/rosidl_typesupport_cpp/grasp_kitchen_interfaces/msg/object_detection__type_support.cpp.o[0m
[ 22%] [32mBuilding CXX object CMakeFiles/grasp_kitchen_interfaces__rosidl_typesupport_cpp.dir/rosidl_typesupport_cpp/grasp_kitchen_interfaces/action/execute_task__type_support.cpp.o[0m
[ 24%] [32mBuilding CXX object CMakeFiles/grasp_kitchen_interfaces__rosidl_typesupport_cpp.dir/rosidl_typesupport_cpp/grasp_kitchen_interfaces/srv/start_task__type_support.cpp.o[0m
[ 25%] [32mBuilding CXX object CMakeFiles/grasp_kitchen_interfaces__rosidl_typesupport_cpp.dir/rosidl_typesupport_cpp/grasp_kitchen_interfaces/msg/scene_perception__type_support.cpp.o[0m
[ 26%] [32mBuilding CXX object CMakeFiles/grasp_kitchen_interfaces__rosidl_typesupport_cpp.dir/rosidl_typesupport_cpp/grasp_kitchen_interfaces/action/follow_cartesian_trajectory__type_support.cpp.o[0m
[ 29%] [32mBuilding CXX object CMakeFiles/grasp_kitchen_interfaces__rosidl_typesupport_cpp.dir/rosidl_typesupport_cpp/grasp_kitchen_interfaces/msg/task_target__type_support.cpp.o[0m
[ 29%] [32mBuilding CXX object CMakeFiles/grasp_kitchen_interfaces__rosidl_typesupport_cpp.dir/rosidl_typesupport_cpp/grasp_kitchen_interfaces/srv/set_io__type_support.cpp.o[0m
[ 30%] [32mBuilding CXX object CMakeFiles/grasp_kitchen_interfaces__rosidl_typesupport_introspection_cpp.dir/rosidl_typesupport_introspection_cpp/grasp_kitchen_interfaces/msg/detail/object_detection__type_support.cpp.o[0m
[ 32%] [32mBuilding CXX object CMakeFiles/grasp_kitchen_interfaces__rosidl_typesupport_introspection_cpp.dir/rosidl_typesupport_introspection_cpp/grasp_kitchen_interfaces/msg/detail/scene_perception__type_support.cpp.o[0m
[ 32%] [32mBuilding CXX object CMakeFiles/grasp_kitchen_interfaces__rosidl_typesupport_introspection_cpp.dir/rosidl_typesupport_introspection_cpp/grasp_kitchen_interfaces/msg/detail/task_target__type_support.cpp.o[0m
[ 34%] [32mBuilding CXX object CMakeFiles/grasp_kitchen_interfaces__rosidl_typesupport_introspection_cpp.dir/rosidl_typesupport_introspection_cpp/grasp_kitchen_interfaces/srv/detail/set_io__type_support.cpp.o[0m
[ 35%] [32mBuilding CXX object CMakeFiles/grasp_kitchen_interfaces__rosidl_typesupport_introspection_cpp.dir/rosidl_typesupport_introspection_cpp/grasp_kitchen_interfaces/srv/detail/start_task__type_support.cpp.o[0m
[ 36%] [32mBuilding CXX object CMakeFiles/grasp_kitchen_interfaces__rosidl_typesupport_c.dir/rosidl_typesupport_c/grasp_kitchen_interfaces/msg/object_detection__type_support.cpp.o[0m
[ 37%] [32mBuilding CXX object CMakeFiles/grasp_kitchen_interfaces__rosidl_typesupport_c.dir/rosidl_typesupport_c/grasp_kitchen_interfaces/msg/scene_perception__type_support.cpp.o[0m
[ 39%] [32mBuilding CXX object CMakeFiles/grasp_kitchen_interfaces__rosidl_typesupport_introspection_cpp.dir/rosidl_typesupport_introspection_cpp/grasp_kitchen_interfaces/action/detail/execute_task__type_support.cpp.o[0m
[ 40%] [32mBuilding CXX object CMakeFiles/grasp_kitchen_interfaces__rosidl_typesupport_introspection_cpp.dir/rosidl_typesupport_introspection_cpp/grasp_kitchen_interfaces/action/detail/follow_cartesian_trajectory__type_support.cpp.o[0m
[ 41%] [32mBuilding CXX object CMakeFiles/grasp_kitchen_interfaces__rosidl_typesupport_c.dir/rosidl_typesupport_c/grasp_kitchen_interfaces/msg/task_target__type_support.cpp.o[0m
[ 43%] [32mBuilding CXX object CMakeFiles/grasp_kitchen_interfaces__rosidl_typesupport_fastrtps_cpp.dir/rosidl_typesupport_fastrtps_cpp/grasp_kitchen_interfaces/msg/detail/dds_fastrtps/object_detection__type_support.cpp.o[0m
[ 44%] [32mBuilding CXX object CMakeFiles/grasp_kitchen_interfaces__rosidl_typesupport_c.dir/rosidl_typesupport_c/grasp_kitchen_interfaces/srv/set_io__type_support.cpp.o[0m
[ 45%] [32mBuilding CXX object CMakeFiles/grasp_kitchen_interfaces__rosidl_typesupport_c.dir/rosidl_typesupport_c/grasp_kitchen_interfaces/srv/start_task__type_support.cpp.o[0m
[ 46%] [32mBuilding CXX object CMakeFiles/grasp_kitchen_interfaces__rosidl_typesupport_fastrtps_cpp.dir/rosidl_typesupport_fastrtps_cpp/grasp_kitchen_interfaces/msg/detail/dds_fastrtps/scene_perception__type_support.cpp.o[0m
[ 48%] [32mBuilding CXX object CMakeFiles/grasp_kitchen_interfaces__rosidl_typesupport_c.dir/rosidl_typesupport_c/grasp_kitchen_interfaces/action/execute_task__type_support.cpp.o[0m
[ 49%] [32mBuilding CXX object CMakeFiles/grasp_kitchen_interfaces__rosidl_typesupport_c.dir/rosidl_typesupport_c/grasp_kitchen_interfaces/action/follow_cartesian_trajectory__type_support.cpp.o[0m
[ 50%] [32mBuilding CXX object CMakeFiles/grasp_kitchen_interfaces__rosidl_typesupport_fastrtps_cpp.dir/rosidl_typesupport_fastrtps_cpp/grasp_kitchen_interfaces/msg/detail/dds_fastrtps/task_target__type_support.cpp.o[0m
[ 51%] [32mBuilding CXX object CMakeFiles/grasp_kitchen_interfaces__rosidl_typesupport_fastrtps_cpp.dir/rosidl_typesupport_fastrtps_cpp/grasp_kitchen_interfaces/srv/detail/dds_fastrtps/set_io__type_support.cpp.o[0m
[ 53%] [32m[1mLinking CXX shared library libgrasp_kitchen_interfaces__rosidl_typesupport_c.so[0m
[ 54%] [32mBuilding CXX object CMakeFiles/grasp_kitchen_interfaces__rosidl_typesupport_fastrtps_cpp.dir/rosidl_typesupport_fastrtps_cpp/grasp_kitchen_interfaces/srv/detail/dds_fastrtps/start_task__type_support.cpp.o[0m
[ 55%] [32mBuilding CXX object CMakeFiles/grasp_kitchen_interfaces__rosidl_typesupport_fastrtps_cpp.dir/rosidl_typesupport_fastrtps_cpp/grasp_kitchen_interfaces/action/detail/dds_fastrtps/execute_task__type_support.cpp.o[0m
[ 56%] [32mBuilding CXX object CMakeFiles/grasp_kitchen_interfaces__rosidl_typesupport_fastrtps_cpp.dir/rosidl_typesupport_fastrtps_cpp/grasp_kitchen_interfaces/action/detail/dds_fastrtps/follow_cartesian_trajectory__type_support.cpp.o[0m
[ 58%] [32m[1mLinking CXX shared library libgrasp_kitchen_interfaces__rosidl_typesupport_cpp.so[0m
[ 58%] Built target grasp_kitchen_interfaces__rosidl_typesupport_c
[ 59%] [32mBuilding C object CMakeFiles/grasp_kitchen_interfaces__rosidl_typesupport_introspection_c.dir/rosidl_typesupport_introspection_c/grasp_kitchen_interfaces/msg/detail/object_detection__type_support.c.o[0m
[ 60%] [32mBuilding C object CMakeFiles/grasp_kitchen_interfaces__rosidl_typesupport_introspection_c.dir/rosidl_typesupport_introspection_c/grasp_kitchen_interfaces/msg/detail/scene_perception__type_support.c.o[0m
[ 62%] [32mBuilding C object CMakeFiles/grasp_kitchen_interfaces__rosidl_typesupport_introspection_c.dir/rosidl_typesupport_introspection_c/grasp_kitchen_interfaces/msg/detail/task_target__type_support.c.o[0m
[ 63%] [32mBuilding C object CMakeFiles/grasp_kitchen_interfaces__rosidl_typesupport_introspection_c.dir/rosidl_typesupport_introspection_c/grasp_kitchen_interfaces/srv/detail/start_task__type_support.c.o[0m
[ 64%] [32mBuilding C object CMakeFiles/grasp_kitchen_interfaces__rosidl_typesupport_introspection_c.dir/rosidl_typesupport_introspection_c/grasp_kitchen_interfaces/srv/detail/set_io__type_support.c.o[0m
[ 65%] [32mBuilding C object CMakeFiles/grasp_kitchen_interfaces__rosidl_typesupport_introspection_c.dir/rosidl_typesupport_introspection_c/grasp_kitchen_interfaces/action/detail/follow_cartesian_trajectory__type_support.c.o[0m
[ 67%] [32mBuilding C object CMakeFiles/grasp_kitchen_interfaces__rosidl_typesupport_introspection_c.dir/rosidl_typesupport_introspection_c/grasp_kitchen_interfaces/action/detail/execute_task__type_support.c.o[0m
[ 68%] [32mBuilding CXX object CMakeFiles/grasp_kitchen_interfaces__rosidl_typesupport_fastrtps_c.dir/rosidl_typesupport_fastrtps_c/grasp_kitchen_interfaces/msg/detail/object_detection__type_support_c.cpp.o[0m
[ 69%] [32mBuilding CXX object CMakeFiles/grasp_kitchen_interfaces__rosidl_typesupport_fastrtps_c.dir/rosidl_typesupport_fastrtps_c/grasp_kitchen_interfaces/msg/detail/scene_perception__type_support_c.cpp.o[0m
[ 72%] [32mBuilding CXX object CMakeFiles/grasp_kitchen_interfaces__rosidl_typesupport_fastrtps_c.dir/rosidl_typesupport_fastrtps_c/grasp_kitchen_interfaces/msg/detail/task_target__type_support_c.cpp.o[0m
[ 72%] [32mBuilding CXX object CMakeFiles/grasp_kitchen_interfaces__rosidl_typesupport_fastrtps_c.dir/rosidl_typesupport_fastrtps_c/grasp_kitchen_interfaces/srv/detail/set_io__type_support_c.cpp.o[0m
[ 72%] Built target grasp_kitchen_interfaces__rosidl_typesupport_cpp
[ 73%] [32mBuilding CXX object CMakeFiles/grasp_kitchen_interfaces__rosidl_typesupport_fastrtps_c.dir/rosidl_typesupport_fastrtps_c/grasp_kitchen_interfaces/srv/detail/start_task__type_support_c.cpp.o[0m
[ 75%] [32mBuilding CXX object CMakeFiles/grasp_kitchen_interfaces__rosidl_typesupport_fastrtps_c.dir/rosidl_typesupport_fastrtps_c/grasp_kitchen_interfaces/action/detail/execute_task__type_support_c.cpp.o[0m
[ 75%] [32m[1mLinking C shared library libgrasp_kitchen_interfaces__rosidl_typesupport_introspection_c.so[0m
[ 75%] Built target grasp_kitchen_interfaces__rosidl_typesupport_introspection_c
[ 77%] [32mBuilding CXX object CMakeFiles/grasp_kitchen_interfaces__rosidl_typesupport_fastrtps_c.dir/rosidl_typesupport_fastrtps_c/grasp_kitchen_interfaces/action/detail/follow_cartesian_trajectory__type_support_c.cpp.o[0m
[ 78%] [32m[1mLinking CXX shared library libgrasp_kitchen_interfaces__rosidl_typesupport_introspection_cpp.so[0m
[ 79%] [32m[1mLinking CXX shared library libgrasp_kitchen_interfaces__rosidl_typesupport_fastrtps_cpp.so[0m
[ 81%] [32m[1mLinking CXX shared library libgrasp_kitchen_interfaces__rosidl_typesupport_fastrtps_c.so[0m
[ 81%] Built target grasp_kitchen_interfaces__rosidl_typesupport_introspection_cpp
[ 81%] Built target grasp_kitchen_interfaces__rosidl_typesupport_fastrtps_c
[ 81%] Built target grasp_kitchen_interfaces__rosidl_typesupport_fastrtps_cpp
[ 81%] Built target grasp_kitchen_interfaces
[ 82%] [34m[1mGenerating Python code for ROS interfaces[0m
[ 82%] Built target grasp_kitchen_interfaces__py
[ 83%] [32mBuilding C object CMakeFiles/grasp_kitchen_interfaces__rosidl_generator_py.dir/rosidl_generator_py/grasp_kitchen_interfaces/msg/_object_detection_s.c.o[0m
[ 84%] [32mBuilding C object CMakeFiles/grasp_kitchen_interfaces__rosidl_generator_py.dir/rosidl_generator_py/grasp_kitchen_interfaces/msg/_scene_perception_s.c.o[0m
[ 86%] [32mBuilding C object CMakeFiles/grasp_kitchen_interfaces__rosidl_generator_py.dir/rosidl_generator_py/grasp_kitchen_interfaces/srv/_start_task_s.c.o[0m
[ 87%] [32mBuilding C object CMakeFiles/grasp_kitchen_interfaces__rosidl_generator_py.dir/rosidl_generator_py/grasp_kitchen_interfaces/srv/_set_io_s.c.o[0m
[ 88%] [32mBuilding C object CMakeFiles/grasp_kitchen_interfaces__rosidl_generator_py.dir/rosidl_generator_py/grasp_kitchen_interfaces/action/_execute_task_s.c.o[0m
[ 89%] [32mBuilding C object CMakeFiles/grasp_kitchen_interfaces__rosidl_generator_py.dir/rosidl_generator_py/grasp_kitchen_interfaces/msg/_task_target_s.c.o[0m
[ 91%] [32mBuilding C object CMakeFiles/grasp_kitchen_interfaces__rosidl_generator_py.dir/rosidl_generator_py/grasp_kitchen_interfaces/action/_follow_cartesian_trajectory_s.c.o[0m
[ 92%] [32m[1mLinking C shared library rosidl_generator_py/grasp_kitchen_interfaces/libgrasp_kitchen_interfaces__rosidl_generator_py.so[0m
[ 92%] Built target grasp_kitchen_interfaces__rosidl_generator_py
[ 93%] [32mBuilding C object CMakeFiles/grasp_kitchen_interfaces__rosidl_typesupport_c__pyext.dir/rosidl_generator_py/grasp_kitchen_interfaces/_grasp_kitchen_interfaces_s.ep.rosidl_typesupport_c.c.o[0m
[ 94%] [32mBuilding C object CMakeFiles/grasp_kitchen_interfaces__rosidl_typesupport_introspection_c__pyext.dir/rosidl_generator_py/grasp_kitchen_interfaces/_grasp_kitchen_interfaces_s.ep.rosidl_typesupport_introspection_c.c.o[0m
[ 96%] [32mBuilding C object CMakeFiles/grasp_kitchen_interfaces__rosidl_typesupport_fastrtps_c__pyext.dir/rosidl_generator_py/grasp_kitchen_interfaces/_grasp_kitchen_interfaces_s.ep.rosidl_typesupport_fastrtps_c.c.o[0m
[ 97%] [32m[1mLinking C shared library rosidl_generator_py/grasp_kitchen_interfaces/grasp_kitchen_interfaces_s__rosidl_typesupport_c.cpython-310-x86_64-linux-gnu.so[0m
[100%] [32m[1mLinking C shared library rosidl_generator_py/grasp_kitchen_interfaces/grasp_kitchen_interfaces_s__rosidl_typesupport_introspection_c.cpython-310-x86_64-linux-gnu.so[0m
[100%] [32m[1mLinking C shared library rosidl_generator_py/grasp_kitchen_interfaces/grasp_kitchen_interfaces_s__rosidl_typesupport_fastrtps_c.cpython-310-x86_64-linux-gnu.so[0m
[100%] Built target grasp_kitchen_interfaces__rosidl_typesupport_introspection_c__pyext
[100%] Built target grasp_kitchen_interfaces__rosidl_typesupport_c__pyext
[100%] Built target grasp_kitchen_interfaces__rosidl_typesupport_fastrtps_c__pyext
-- Install configuration: ""
-- Execute custom install script
-- Symlinking: /home/kim/projects/dexchef_ws/install/grasp_kitchen_interfaces/share/ament_index/resource_index/rosidl_interfaces/grasp_kitchen_interfaces
-- Symlinking: /home/kim/projects/dexchef_ws/install/grasp_kitchen_interfaces/include/grasp_kitchen_interfaces/grasp_kitchen_interfaces/action/detail/execute_task__functions.h
-- Symlinking: /home/kim/projects/dexchef_ws/install/grasp_kitchen_interfaces/include/grasp_kitchen_interfaces/grasp_kitchen_interfaces/action/detail/execute_task__struct.h
-- Symlinking: /home/kim/projects/dexchef_ws/install/grasp_kitchen_interfaces/include/grasp_kitchen_interfaces/grasp_kitchen_interfaces/action/detail/execute_task__type_support.h
-- Symlinking: /home/kim/projects/dexchef_ws/install/grasp_kitchen_interfaces/include/grasp_kitchen_interfaces/grasp_kitchen_interfaces/action/detail/follow_cartesian_trajectory__functions.h
-- Symlinking: /home/kim/projects/dexchef_ws/install/grasp_kitchen_interfaces/include/grasp_kitchen_interfaces/grasp_kitchen_interfaces/action/detail/follow_cartesian_trajectory__struct.h
-- Symlinking: /home/kim/projects/dexchef_ws/install/grasp_kitchen_interfaces/include/grasp_kitchen_interfaces/grasp_kitchen_interfaces/action/detail/follow_cartesian_trajectory__type_support.h
-- Symlinking: /home/kim/projects/dexchef_ws/install/grasp_kitchen_interfaces/include/grasp_kitchen_interfaces/grasp_kitchen_interfaces/action/execute_task.h
-- Symlinking: /home/kim/projects/dexchef_ws/install/grasp_kitchen_interfaces/include/grasp_kitchen_interfaces/grasp_kitchen_interfaces/action/follow_cartesian_trajectory.h
-- Symlinking: /home/kim/projects/dexchef_ws/install/grasp_kitchen_interfaces/include/grasp_kitchen_interfaces/grasp_kitchen_interfaces/msg/detail/object_detection__functions.h
-- Symlinking: /home/kim/projects/dexchef_ws/install/grasp_kitchen_interfaces/include/grasp_kitchen_interfaces/grasp_kitchen_interfaces/msg/detail/object_detection__struct.h
-- Symlinking: /home/kim/projects/dexchef_ws/install/grasp_kitchen_interfaces/include/grasp_kitchen_interfaces/grasp_kitchen_interfaces/msg/detail/object_detection__type_support.h
-- Symlinking: /home/kim/projects/dexchef_ws/install/grasp_kitchen_interfaces/include/grasp_kitchen_interfaces/grasp_kitchen_interfaces/msg/detail/scene_perception__functions.h
-- Symlinking: /home/kim/projects/dexchef_ws/install/grasp_kitchen_interfaces/include/grasp_kitchen_interfaces/grasp_kitchen_interfaces/msg/detail/scene_perception__struct.h
-- Symlinking: /home/kim/projects/dexchef_ws/install/grasp_kitchen_interfaces/include/grasp_kitchen_interfaces/grasp_kitchen_interfaces/msg/detail/scene_perception__type_support.h
-- Symlinking: /home/kim/projects/dexchef_ws/install/grasp_kitchen_interfaces/include/grasp_kitchen_interfaces/grasp_kitchen_interfaces/msg/detail/task_target__functions.h
-- Symlinking: /home/kim/projects/dexchef_ws/install/grasp_kitchen_interfaces/include/grasp_kitchen_interfaces/grasp_kitchen_interfaces/msg/detail/task_target__struct.h
-- Symlinking: /home/kim/projects/dexchef_ws/install/grasp_kitchen_interfaces/include/grasp_kitchen_interfaces/grasp_kitchen_interfaces/msg/detail/task_target__type_support.h
-- Symlinking: /home/kim/projects/dexchef_ws/install/grasp_kitchen_interfaces/include/grasp_kitchen_interfaces/grasp_kitchen_interfaces/msg/object_detection.h
-- Symlinking: /home/kim/projects/dexchef_ws/install/grasp_kitchen_interfaces/include/grasp_kitchen_interfaces/grasp_kitchen_interfaces/msg/rosidl_generator_c__visibility_control.h
-- Symlinking: /home/kim/projects/dexchef_ws/install/grasp_kitchen_interfaces/include/grasp_kitchen_interfaces/grasp_kitchen_interfaces/msg/scene_perception.h
-- Symlinking: /home/kim/projects/dexchef_ws/install/grasp_kitchen_interfaces/include/grasp_kitchen_interfaces/grasp_kitchen_interfaces/msg/task_target.h
-- Symlinking: /home/kim/projects/dexchef_ws/install/grasp_kitchen_interfaces/include/grasp_kitchen_interfaces/grasp_kitchen_interfaces/srv/detail/set_io__functions.h
-- Symlinking: /home/kim/projects/dexchef_ws/install/grasp_kitchen_interfaces/include/grasp_kitchen_interfaces/grasp_kitchen_interfaces/srv/detail/set_io__struct.h
-- Symlinking: /home/kim/projects/dexchef_ws/install/grasp_kitchen_interfaces/include/grasp_kitchen_interfaces/grasp_kitchen_interfaces/srv/detail/set_io__type_support.h
-- Symlinking: /home/kim/projects/dexchef_ws/install/grasp_kitchen_interfaces/include/grasp_kitchen_interfaces/grasp_kitchen_interfaces/srv/detail/start_task__functions.h
-- Symlinking: /home/kim/projects/dexchef_ws/install/grasp_kitchen_interfaces/include/grasp_kitchen_interfaces/grasp_kitchen_interfaces/srv/detail/start_task__struct.h
-- Symlinking: /home/kim/projects/dexchef_ws/install/grasp_kitchen_interfaces/include/grasp_kitchen_interfaces/grasp_kitchen_interfaces/srv/detail/start_task__type_support.h
-- Symlinking: /home/kim/projects/dexchef_ws/install/grasp_kitchen_interfaces/include/grasp_kitchen_interfaces/grasp_kitchen_interfaces/srv/set_io.h
-- Symlinking: /home/kim/projects/dexchef_ws/install/grasp_kitchen_interfaces/include/grasp_kitchen_interfaces/grasp_kitchen_interfaces/srv/start_task.h
-- Symlinking: /home/kim/projects/dexchef_ws/install/grasp_kitchen_interfaces/share/grasp_kitchen_interfaces/environment/library_path.sh
-- Symlinking: /home/kim/projects/dexchef_ws/install/grasp_kitchen_interfaces/share/grasp_kitchen_interfaces/environment/library_path.dsv
-- Symlinking: /home/kim/projects/dexchef_ws/install/grasp_kitchen_interfaces/include/grasp_kitchen_interfaces/grasp_kitchen_interfaces/action/detail/execute_task__rosidl_typesupport_fastrtps_c.h
-- Symlinking: /home/kim/projects/dexchef_ws/install/grasp_kitchen_interfaces/include/grasp_kitchen_interfaces/grasp_kitchen_interfaces/action/detail/follow_cartesian_trajectory__rosidl_typesupport_fastrtps_c.h
-- Symlinking: /home/kim/projects/dexchef_ws/install/grasp_kitchen_interfaces/include/grasp_kitchen_interfaces/grasp_kitchen_interfaces/msg/detail/object_detection__rosidl_typesupport_fastrtps_c.h
-- Symlinking: /home/kim/projects/dexchef_ws/install/grasp_kitchen_interfaces/include/grasp_kitchen_interfaces/grasp_kitchen_interfaces/msg/detail/scene_perception__rosidl_typesupport_fastrtps_c.h
-- Symlinking: /home/kim/projects/dexchef_ws/install/grasp_kitchen_interfaces/include/grasp_kitchen_interfaces/grasp_kitchen_interfaces/msg/detail/task_target__rosidl_typesupport_fastrtps_c.h
-- Symlinking: /home/kim/projects/dexchef_ws/install/grasp_kitchen_interfaces/include/grasp_kitchen_interfaces/grasp_kitchen_interfaces/msg/rosidl_typesupport_fastrtps_c__visibility_control.h
-- Symlinking: /home/kim/projects/dexchef_ws/install/grasp_kitchen_interfaces/include/grasp_kitchen_interfaces/grasp_kitchen_interfaces/srv/detail/set_io__rosidl_typesupport_fastrtps_c.h
-- Symlinking: /home/kim/projects/dexchef_ws/install/grasp_kitchen_interfaces/include/grasp_kitchen_interfaces/grasp_kitchen_interfaces/srv/detail/start_task__rosidl_typesupport_fastrtps_c.h
-- Symlinking: /home/kim/projects/dexchef_ws/install/grasp_kitchen_interfaces/include/grasp_kitchen_interfaces/grasp_kitchen_interfaces/action/detail/execute_task__rosidl_typesupport_introspection_c.h
-- Symlinking: /home/kim/projects/dexchef_ws/install/grasp_kitchen_interfaces/include/grasp_kitchen_interfaces/grasp_kitchen_interfaces/action/detail/follow_cartesian_trajectory__rosidl_typesupport_introspection_c.h
-- Symlinking: /home/kim/projects/dexchef_ws/install/grasp_kitchen_interfaces/include/grasp_kitchen_interfaces/grasp_kitchen_interfaces/msg/detail/object_detection__rosidl_typesupport_introspection_c.h
-- Symlinking: /home/kim/projects/dexchef_ws/install/grasp_kitchen_interfaces/include/grasp_kitchen_interfaces/grasp_kitchen_interfaces/msg/detail/scene_perception__rosidl_typesupport_introspection_c.h
-- Symlinking: /home/kim/projects/dexchef_ws/install/grasp_kitchen_interfaces/include/grasp_kitchen_interfaces/grasp_kitchen_interfaces/msg/detail/task_target__rosidl_typesupport_introspection_c.h
-- Symlinking: /home/kim/projects/dexchef_ws/install/grasp_kitchen_interfaces/include/grasp_kitchen_interfaces/grasp_kitchen_interfaces/msg/rosidl_typesupport_introspection_c__visibility_control.h
-- Symlinking: /home/kim/projects/dexchef_ws/install/grasp_kitchen_interfaces/include/grasp_kitchen_interfaces/grasp_kitchen_interfaces/srv/detail/set_io__rosidl_typesupport_introspection_c.h
-- Symlinking: /home/kim/projects/dexchef_ws/install/grasp_kitchen_interfaces/include/grasp_kitchen_interfaces/grasp_kitchen_interfaces/srv/detail/start_task__rosidl_typesupport_introspection_c.h
-- Symlinking: /home/kim/projects/dexchef_ws/install/grasp_kitchen_interfaces/include/grasp_kitchen_interfaces/grasp_kitchen_interfaces/action/detail/execute_task__builder.hpp
-- Symlinking: /home/kim/projects/dexchef_ws/install/grasp_kitchen_interfaces/include/grasp_kitchen_interfaces/grasp_kitchen_interfaces/action/detail/execute_task__struct.hpp
-- Symlinking: /home/kim/projects/dexchef_ws/install/grasp_kitchen_interfaces/include/grasp_kitchen_interfaces/grasp_kitchen_interfaces/action/detail/execute_task__traits.hpp
-- Symlinking: /home/kim/projects/dexchef_ws/install/grasp_kitchen_interfaces/include/grasp_kitchen_interfaces/grasp_kitchen_interfaces/action/detail/execute_task__type_support.hpp
-- Symlinking: /home/kim/projects/dexchef_ws/install/grasp_kitchen_interfaces/include/grasp_kitchen_interfaces/grasp_kitchen_interfaces/action/detail/follow_cartesian_trajectory__builder.hpp
-- Symlinking: /home/kim/projects/dexchef_ws/install/grasp_kitchen_interfaces/include/grasp_kitchen_interfaces/grasp_kitchen_interfaces/action/detail/follow_cartesian_trajectory__struct.hpp
-- Symlinking: /home/kim/projects/dexchef_ws/install/grasp_kitchen_interfaces/include/grasp_kitchen_interfaces/grasp_kitchen_interfaces/action/detail/follow_cartesian_trajectory__traits.hpp
-- Symlinking: /home/kim/projects/dexchef_ws/install/grasp_kitchen_interfaces/include/grasp_kitchen_interfaces/grasp_kitchen_interfaces/action/detail/follow_cartesian_trajectory__type_support.hpp
-- Symlinking: /home/kim/projects/dexchef_ws/install/grasp_kitchen_interfaces/include/grasp_kitchen_interfaces/grasp_kitchen_interfaces/action/execute_task.hpp
-- Symlinking: /home/kim/projects/dexchef_ws/install/grasp_kitchen_interfaces/include/grasp_kitchen_interfaces/grasp_kitchen_interfaces/action/follow_cartesian_trajectory.hpp
-- Symlinking: /home/kim/projects/dexchef_ws/install/grasp_kitchen_interfaces/include/grasp_kitchen_interfaces/grasp_kitchen_interfaces/msg/detail/object_detection__builder.hpp
-- Symlinking: /home/kim/projects/dexchef_ws/install/grasp_kitchen_interfaces/include/grasp_kitchen_interfaces/grasp_kitchen_interfaces/msg/detail/object_detection__struct.hpp
-- Symlinking: /home/kim/projects/dexchef_ws/install/grasp_kitchen_interfaces/include/grasp_kitchen_interfaces/grasp_kitchen_interfaces/msg/detail/object_detection__traits.hpp
-- Symlinking: /home/kim/projects/dexchef_ws/install/grasp_kitchen_interfaces/include/grasp_kitchen_interfaces/grasp_kitchen_interfaces/msg/detail/object_detection__type_support.hpp
-- Symlinking: /home/kim/projects/dexchef_ws/install/grasp_kitchen_interfaces/include/grasp_kitchen_interfaces/grasp_kitchen_interfaces/msg/detail/scene_perception__builder.hpp
-- Symlinking: /home/kim/projects/dexchef_ws/install/grasp_kitchen_interfaces/include/grasp_kitchen_interfaces/grasp_kitchen_interfaces/msg/detail/scene_perception__struct.hpp
-- Symlinking: /home/kim/projects/dexchef_ws/install/grasp_kitchen_interfaces/include/grasp_kitchen_interfaces/grasp_kitchen_interfaces/msg/detail/scene_perception__traits.hpp
-- Symlinking: /home/kim/projects/dexchef_ws/install/grasp_kitchen_interfaces/include/grasp_kitchen_interfaces/grasp_kitchen_interfaces/msg/detail/scene_perception__type_support.hpp
-- Symlinking: /home/kim/projects/dexchef_ws/install/grasp_kitchen_interfaces/include/grasp_kitchen_interfaces/grasp_kitchen_interfaces/msg/detail/task_target__builder.hpp
-- Symlinking: /home/kim/projects/dexchef_ws/install/grasp_kitchen_interfaces/include/grasp_kitchen_interfaces/grasp_kitchen_interfaces/msg/detail/task_target__struct.hpp
-- Symlinking: /home/kim/projects/dexchef_ws/install/grasp_kitchen_interfaces/include/grasp_kitchen_interfaces/grasp_kitchen_interfaces/msg/detail/task_target__traits.hpp
-- Symlinking: /home/kim/projects/dexchef_ws/install/grasp_kitchen_interfaces/include/grasp_kitchen_interfaces/grasp_kitchen_interfaces/msg/detail/task_target__type_support.hpp
-- Symlinking: /home/kim/projects/dexchef_ws/install/grasp_kitchen_interfaces/include/grasp_kitchen_interfaces/grasp_kitchen_interfaces/msg/object_detection.hpp
-- Symlinking: /home/kim/projects/dexchef_ws/install/grasp_kitchen_interfaces/include/grasp_kitchen_interfaces/grasp_kitchen_interfaces/msg/rosidl_generator_cpp__visibility_control.hpp
-- Symlinking: /home/kim/projects/dexchef_ws/install/grasp_kitchen_interfaces/include/grasp_kitchen_interfaces/grasp_kitchen_interfaces/msg/scene_perception.hpp
-- Symlinking: /home/kim/projects/dexchef_ws/install/grasp_kitchen_interfaces/include/grasp_kitchen_interfaces/grasp_kitchen_interfaces/msg/task_target.hpp
-- Symlinking: /home/kim/projects/dexchef_ws/install/grasp_kitchen_interfaces/include/grasp_kitchen_interfaces/grasp_kitchen_interfaces/srv/detail/set_io__builder.hpp
-- Symlinking: /home/kim/projects/dexchef_ws/install/grasp_kitchen_interfaces/include/grasp_kitchen_interfaces/grasp_kitchen_interfaces/srv/detail/set_io__struct.hpp
-- Symlinking: /home/kim/projects/dexchef_ws/install/grasp_kitchen_interfaces/include/grasp_kitchen_interfaces/grasp_kitchen_interfaces/srv/detail/set_io__traits.hpp
-- Symlinking: /home/kim/projects/dexchef_ws/install/grasp_kitchen_interfaces/include/grasp_kitchen_interfaces/grasp_kitchen_interfaces/srv/detail/set_io__type_support.hpp
-- Symlinking: /home/kim/projects/dexchef_ws/install/grasp_kitchen_interfaces/include/grasp_kitchen_interfaces/grasp_kitchen_interfaces/srv/detail/start_task__builder.hpp
-- Symlinking: /home/kim/projects/dexchef_ws/install/grasp_kitchen_interfaces/include/grasp_kitchen_interfaces/grasp_kitchen_interfaces/srv/detail/start_task__struct.hpp
-- Symlinking: /home/kim/projects/dexchef_ws/install/grasp_kitchen_interfaces/include/grasp_kitchen_interfaces/grasp_kitchen_interfaces/srv/detail/start_task__traits.hpp
-- Symlinking: /home/kim/projects/dexchef_ws/install/grasp_kitchen_interfaces/include/grasp_kitchen_interfaces/grasp_kitchen_interfaces/srv/detail/start_task__type_support.hpp
-- Symlinking: /home/kim/projects/dexchef_ws/install/grasp_kitchen_interfaces/include/grasp_kitchen_interfaces/grasp_kitchen_interfaces/srv/set_io.hpp
-- Symlinking: /home/kim/projects/dexchef_ws/install/grasp_kitchen_interfaces/include/grasp_kitchen_interfaces/grasp_kitchen_interfaces/srv/start_task.hpp
-- Symlinking: /home/kim/projects/dexchef_ws/install/grasp_kitchen_interfaces/include/grasp_kitchen_interfaces/grasp_kitchen_interfaces/action/detail/execute_task__rosidl_typesupport_fastrtps_cpp.hpp
-- Symlinking: /home/kim/projects/dexchef_ws/install/grasp_kitchen_interfaces/include/grasp_kitchen_interfaces/grasp_kitchen_interfaces/action/detail/follow_cartesian_trajectory__rosidl_typesupport_fastrtps_cpp.hpp
-- Symlinking: /home/kim/projects/dexchef_ws/install/grasp_kitchen_interfaces/include/grasp_kitchen_interfaces/grasp_kitchen_interfaces/msg/detail/object_detection__rosidl_typesupport_fastrtps_cpp.hpp
-- Symlinking: /home/kim/projects/dexchef_ws/install/grasp_kitchen_interfaces/include/grasp_kitchen_interfaces/grasp_kitchen_interfaces/msg/detail/scene_perception__rosidl_typesupport_fastrtps_cpp.hpp
-- Symlinking: /home/kim/projects/dexchef_ws/install/grasp_kitchen_interfaces/include/grasp_kitchen_interfaces/grasp_kitchen_interfaces/msg/detail/task_target__rosidl_typesupport_fastrtps_cpp.hpp
-- Symlinking: /home/kim/projects/dexchef_ws/install/grasp_kitchen_interfaces/include/grasp_kitchen_interfaces/grasp_kitchen_interfaces/msg/rosidl_typesupport_fastrtps_cpp__visibility_control.h
-- Symlinking: /home/kim/projects/dexchef_ws/install/grasp_kitchen_interfaces/include/grasp_kitchen_interfaces/grasp_kitchen_interfaces/srv/detail/set_io__rosidl_typesupport_fastrtps_cpp.hpp
-- Symlinking: /home/kim/projects/dexchef_ws/install/grasp_kitchen_interfaces/include/grasp_kitchen_interfaces/grasp_kitchen_interfaces/srv/detail/start_task__rosidl_typesupport_fastrtps_cpp.hpp
-- Symlinking: /home/kim/projects/dexchef_ws/install/grasp_kitchen_interfaces/include/grasp_kitchen_interfaces/grasp_kitchen_interfaces/action/detail/execute_task__rosidl_typesupport_introspection_cpp.hpp
-- Symlinking: /home/kim/projects/dexchef_ws/install/grasp_kitchen_interfaces/include/grasp_kitchen_interfaces/grasp_kitchen_interfaces/action/detail/follow_cartesian_trajectory__rosidl_typesupport_introspection_cpp.hpp
-- Symlinking: /home/kim/projects/dexchef_ws/install/grasp_kitchen_interfaces/include/grasp_kitchen_interfaces/grasp_kitchen_interfaces/msg/detail/object_detection__rosidl_typesupport_introspection_cpp.hpp
-- Symlinking: /home/kim/projects/dexchef_ws/install/grasp_kitchen_interfaces/include/grasp_kitchen_interfaces/grasp_kitchen_interfaces/msg/detail/scene_perception__rosidl_typesupport_introspection_cpp.hpp
-- Symlinking: /home/kim/projects/dexchef_ws/install/grasp_kitchen_interfaces/include/grasp_kitchen_interfaces/grasp_kitchen_interfaces/msg/detail/task_target__rosidl_typesupport_introspection_cpp.hpp
-- Symlinking: /home/kim/projects/dexchef_ws/install/grasp_kitchen_interfaces/include/grasp_kitchen_interfaces/grasp_kitchen_interfaces/srv/detail/set_io__rosidl_typesupport_introspection_cpp.hpp
-- Symlinking: /home/kim/projects/dexchef_ws/install/grasp_kitchen_interfaces/include/grasp_kitchen_interfaces/grasp_kitchen_interfaces/srv/detail/start_task__rosidl_typesupport_introspection_cpp.hpp
-- Symlinking: /home/kim/projects/dexchef_ws/install/grasp_kitchen_interfaces/share/grasp_kitchen_interfaces/environment/pythonpath.sh
-- Symlinking: /home/kim/projects/dexchef_ws/install/grasp_kitchen_interfaces/share/grasp_kitchen_interfaces/environment/pythonpath.dsv
-- Symlinking: /home/kim/projects/dexchef_ws/install/grasp_kitchen_interfaces/local/lib/python3.10/dist-packages/grasp_kitchen_interfaces-0.1.0-py3.10.egg-info/PKG-INFO
-- Symlinking: /home/kim/projects/dexchef_ws/install/grasp_kitchen_interfaces/local/lib/python3.10/dist-packages/grasp_kitchen_interfaces-0.1.0-py3.10.egg-info/SOURCES.txt
-- Symlinking: /home/kim/projects/dexchef_ws/install/grasp_kitchen_interfaces/local/lib/python3.10/dist-packages/grasp_kitchen_interfaces-0.1.0-py3.10.egg-info/dependency_links.txt
-- Symlinking: /home/kim/projects/dexchef_ws/install/grasp_kitchen_interfaces/local/lib/python3.10/dist-packages/grasp_kitchen_interfaces-0.1.0-py3.10.egg-info/top_level.txt
-- Symlinking: /home/kim/projects/dexchef_ws/install/grasp_kitchen_interfaces/local/lib/python3.10/dist-packages/grasp_kitchen_interfaces/__init__.py
-- Symlinking: /home/kim/projects/dexchef_ws/install/grasp_kitchen_interfaces/local/lib/python3.10/dist-packages/grasp_kitchen_interfaces/_grasp_kitchen_interfaces_s.ep.rosidl_typesupport_c.c
-- Symlinking: /home/kim/projects/dexchef_ws/install/grasp_kitchen_interfaces/local/lib/python3.10/dist-packages/grasp_kitchen_interfaces/_grasp_kitchen_interfaces_s.ep.rosidl_typesupport_fastrtps_c.c
-- Symlinking: /home/kim/projects/dexchef_ws/install/grasp_kitchen_interfaces/local/lib/python3.10/dist-packages/grasp_kitchen_interfaces/_grasp_kitchen_interfaces_s.ep.rosidl_typesupport_introspection_c.c
-- Symlinking: /home/kim/projects/dexchef_ws/install/grasp_kitchen_interfaces/local/lib/python3.10/dist-packages/grasp_kitchen_interfaces/action/__init__.py
-- Symlinking: /home/kim/projects/dexchef_ws/install/grasp_kitchen_interfaces/local/lib/python3.10/dist-packages/grasp_kitchen_interfaces/action/_execute_task.py
-- Symlinking: /home/kim/projects/dexchef_ws/install/grasp_kitchen_interfaces/local/lib/python3.10/dist-packages/grasp_kitchen_interfaces/action/_execute_task_s.c
-- Symlinking: /home/kim/projects/dexchef_ws/install/grasp_kitchen_interfaces/local/lib/python3.10/dist-packages/grasp_kitchen_interfaces/action/_follow_cartesian_trajectory.py
-- Symlinking: /home/kim/projects/dexchef_ws/install/grasp_kitchen_interfaces/local/lib/python3.10/dist-packages/grasp_kitchen_interfaces/action/_follow_cartesian_trajectory_s.c
-- Symlinking: /home/kim/projects/dexchef_ws/install/grasp_kitchen_interfaces/local/lib/python3.10/dist-packages/grasp_kitchen_interfaces/grasp_kitchen_interfaces_s__rosidl_typesupport_c.cpython-310-x86_64-linux-gnu.so
-- Symlinking: /home/kim/projects/dexchef_ws/install/grasp_kitchen_interfaces/local/lib/python3.10/dist-packages/grasp_kitchen_interfaces/grasp_kitchen_interfaces_s__rosidl_typesupport_fastrtps_c.cpython-310-x86_64-linux-gnu.so
-- Symlinking: /home/kim/projects/dexchef_ws/install/grasp_kitchen_interfaces/local/lib/python3.10/dist-packages/grasp_kitchen_interfaces/grasp_kitchen_interfaces_s__rosidl_typesupport_introspection_c.cpython-310-x86_64-linux-gnu.so
-- Symlinking: /home/kim/projects/dexchef_ws/install/grasp_kitchen_interfaces/local/lib/python3.10/dist-packages/grasp_kitchen_interfaces/libgrasp_kitchen_interfaces__rosidl_generator_py.so
-- Symlinking: /home/kim/projects/dexchef_ws/install/grasp_kitchen_interfaces/local/lib/python3.10/dist-packages/grasp_kitchen_interfaces/msg/__init__.py
-- Symlinking: /home/kim/projects/dexchef_ws/install/grasp_kitchen_interfaces/local/lib/python3.10/dist-packages/grasp_kitchen_interfaces/msg/_object_detection.py
-- Symlinking: /home/kim/projects/dexchef_ws/install/grasp_kitchen_interfaces/local/lib/python3.10/dist-packages/grasp_kitchen_interfaces/msg/_object_detection_s.c
-- Symlinking: /home/kim/projects/dexchef_ws/install/grasp_kitchen_interfaces/local/lib/python3.10/dist-packages/grasp_kitchen_interfaces/msg/_scene_perception.py
-- Symlinking: /home/kim/projects/dexchef_ws/install/grasp_kitchen_interfaces/local/lib/python3.10/dist-packages/grasp_kitchen_interfaces/msg/_scene_perception_s.c
-- Symlinking: /home/kim/projects/dexchef_ws/install/grasp_kitchen_interfaces/local/lib/python3.10/dist-packages/grasp_kitchen_interfaces/msg/_task_target.py
-- Symlinking: /home/kim/projects/dexchef_ws/install/grasp_kitchen_interfaces/local/lib/python3.10/dist-packages/grasp_kitchen_interfaces/msg/_task_target_s.c
-- Symlinking: /home/kim/projects/dexchef_ws/install/grasp_kitchen_interfaces/local/lib/python3.10/dist-packages/grasp_kitchen_interfaces/srv/__init__.py
-- Symlinking: /home/kim/projects/dexchef_ws/install/grasp_kitchen_interfaces/local/lib/python3.10/dist-packages/grasp_kitchen_interfaces/srv/_set_io.py
-- Symlinking: /home/kim/projects/dexchef_ws/install/grasp_kitchen_interfaces/local/lib/python3.10/dist-packages/grasp_kitchen_interfaces/srv/_set_io_s.c
-- Symlinking: /home/kim/projects/dexchef_ws/install/grasp_kitchen_interfaces/local/lib/python3.10/dist-packages/grasp_kitchen_interfaces/srv/_start_task.py
-- Symlinking: /home/kim/projects/dexchef_ws/install/grasp_kitchen_interfaces/local/lib/python3.10/dist-packages/grasp_kitchen_interfaces/srv/_start_task_s.c
-- Up-to-date symlink: /home/kim/projects/dexchef_ws/install/grasp_kitchen_interfaces/local/lib/python3.10/dist-packages/grasp_kitchen_interfaces/grasp_kitchen_interfaces_s__rosidl_typesupport_fastrtps_c.cpython-310-x86_64-linux-gnu.so
-- Up-to-date symlink: /home/kim/projects/dexchef_ws/install/grasp_kitchen_interfaces/local/lib/python3.10/dist-packages/grasp_kitchen_interfaces/grasp_kitchen_interfaces_s__rosidl_typesupport_introspection_c.cpython-310-x86_64-linux-gnu.so
-- Up-to-date symlink: /home/kim/projects/dexchef_ws/install/grasp_kitchen_interfaces/local/lib/python3.10/dist-packages/grasp_kitchen_interfaces/grasp_kitchen_interfaces_s__rosidl_typesupport_c.cpython-310-x86_64-linux-gnu.so
-- Symlinking: /home/kim/projects/dexchef_ws/install/grasp_kitchen_interfaces/share/grasp_kitchen_interfaces/msg/ObjectDetection.idl
-- Symlinking: /home/kim/projects/dexchef_ws/install/grasp_kitchen_interfaces/share/grasp_kitchen_interfaces/msg/ScenePerception.idl
-- Symlinking: /home/kim/projects/dexchef_ws/install/grasp_kitchen_interfaces/share/grasp_kitchen_interfaces/msg/TaskTarget.idl
-- Symlinking: /home/kim/projects/dexchef_ws/install/grasp_kitchen_interfaces/share/grasp_kitchen_interfaces/srv/SetIO.idl
-- Symlinking: /home/kim/projects/dexchef_ws/install/grasp_kitchen_interfaces/share/grasp_kitchen_interfaces/srv/StartTask.idl
-- Symlinking: /home/kim/projects/dexchef_ws/install/grasp_kitchen_interfaces/share/grasp_kitchen_interfaces/action/ExecuteTask.idl
-- Symlinking: /home/kim/projects/dexchef_ws/install/grasp_kitchen_interfaces/share/grasp_kitchen_interfaces/action/FollowCartesianTrajectory.idl
-- Symlinking: /home/kim/projects/dexchef_ws/install/grasp_kitchen_interfaces/share/grasp_kitchen_interfaces/msg/ObjectDetection.msg
-- Symlinking: /home/kim/projects/dexchef_ws/install/grasp_kitchen_interfaces/share/grasp_kitchen_interfaces/msg/ScenePerception.msg
-- Symlinking: /home/kim/projects/dexchef_ws/install/grasp_kitchen_interfaces/share/grasp_kitchen_interfaces/msg/TaskTarget.msg
-- Symlinking: /home/kim/projects/dexchef_ws/install/grasp_kitchen_interfaces/share/grasp_kitchen_interfaces/srv/SetIO.srv
-- Symlinking: /home/kim/projects/dexchef_ws/install/grasp_kitchen_interfaces/share/grasp_kitchen_interfaces/srv/SetIO_Request.msg
-- Symlinking: /home/kim/projects/dexchef_ws/install/grasp_kitchen_interfaces/share/grasp_kitchen_interfaces/srv/SetIO_Response.msg
-- Symlinking: /home/kim/projects/dexchef_ws/install/grasp_kitchen_interfaces/share/grasp_kitchen_interfaces/srv/StartTask.srv
-- Symlinking: /home/kim/projects/dexchef_ws/install/grasp_kitchen_interfaces/share/grasp_kitchen_interfaces/srv/StartTask_Request.msg
-- Symlinking: /home/kim/projects/dexchef_ws/install/grasp_kitchen_interfaces/share/grasp_kitchen_interfaces/srv/StartTask_Response.msg
-- Symlinking: /home/kim/projects/dexchef_ws/install/grasp_kitchen_interfaces/share/grasp_kitchen_interfaces/action/ExecuteTask.action
-- Symlinking: /home/kim/projects/dexchef_ws/install/grasp_kitchen_interfaces/share/grasp_kitchen_interfaces/action/FollowCartesianTrajectory.action
-- Symlinking: /home/kim/projects/dexchef_ws/install/grasp_kitchen_interfaces/share/ament_index/resource_index/package_run_dependencies/grasp_kitchen_interfaces
-- Symlinking: /home/kim/projects/dexchef_ws/install/grasp_kitchen_interfaces/share/ament_index/resource_index/parent_prefix_path/grasp_kitchen_interfaces
-- Symlinking: /home/kim/projects/dexchef_ws/install/grasp_kitchen_interfaces/share/grasp_kitchen_interfaces/environment/ament_prefix_path.sh
-- Symlinking: /home/kim/projects/dexchef_ws/install/grasp_kitchen_interfaces/share/grasp_kitchen_interfaces/environment/ament_prefix_path.dsv
-- Symlinking: /home/kim/projects/dexchef_ws/install/grasp_kitchen_interfaces/share/grasp_kitchen_interfaces/environment/path.sh
-- Symlinking: /home/kim/projects/dexchef_ws/install/grasp_kitchen_interfaces/share/grasp_kitchen_interfaces/environment/path.dsv
-- Symlinking: /home/kim/projects/dexchef_ws/install/grasp_kitchen_interfaces/share/grasp_kitchen_interfaces/local_setup.bash
-- Symlinking: /home/kim/projects/dexchef_ws/install/grasp_kitchen_interfaces/share/grasp_kitchen_interfaces/local_setup.sh
-- Symlinking: /home/kim/projects/dexchef_ws/install/grasp_kitchen_interfaces/share/grasp_kitchen_interfaces/local_setup.zsh
-- Symlinking: /home/kim/projects/dexchef_ws/install/grasp_kitchen_interfaces/share/grasp_kitchen_interfaces/local_setup.dsv
-- Symlinking: /home/kim/projects/dexchef_ws/install/grasp_kitchen_interfaces/share/grasp_kitchen_interfaces/package.dsv
-- Symlinking: /home/kim/projects/dexchef_ws/install/grasp_kitchen_interfaces/share/ament_index/resource_index/packages/grasp_kitchen_interfaces
-- Symlinking: /home/kim/projects/dexchef_ws/install/grasp_kitchen_interfaces/share/grasp_kitchen_interfaces/cmake/rosidl_cmake-extras.cmake
-- Symlinking: /home/kim/projects/dexchef_ws/install/grasp_kitchen_interfaces/share/grasp_kitchen_interfaces/cmake/ament_cmake_export_dependencies-extras.cmake
-- Symlinking: /home/kim/projects/dexchef_ws/install/grasp_kitchen_interfaces/share/grasp_kitchen_interfaces/cmake/ament_cmake_export_include_directories-extras.cmake
-- Symlinking: /home/kim/projects/dexchef_ws/install/grasp_kitchen_interfaces/share/grasp_kitchen_interfaces/cmake/ament_cmake_export_libraries-extras.cmake
-- Symlinking: /home/kim/projects/dexchef_ws/install/grasp_kitchen_interfaces/share/grasp_kitchen_interfaces/cmake/ament_cmake_export_targets-extras.cmake
-- Symlinking: /home/kim/projects/dexchef_ws/install/grasp_kitchen_interfaces/share/grasp_kitchen_interfaces/cmake/rosidl_cmake_export_typesupport_targets-extras.cmake
-- Symlinking: /home/kim/projects/dexchef_ws/install/grasp_kitchen_interfaces/share/grasp_kitchen_interfaces/cmake/rosidl_cmake_export_typesupport_libraries-extras.cmake
-- Symlinking: /home/kim/projects/dexchef_ws/install/grasp_kitchen_interfaces/share/grasp_kitchen_interfaces/cmake/grasp_kitchen_interfacesConfig.cmake
-- Symlinking: /home/kim/projects/dexchef_ws/install/grasp_kitchen_interfaces/share/grasp_kitchen_interfaces/cmake/grasp_kitchen_interfacesConfig-version.cmake
-- Symlinking: /home/kim/projects/dexchef_ws/install/grasp_kitchen_interfaces/share/grasp_kitchen_interfaces/package.xml
-- Installing: /home/kim/projects/dexchef_ws/install/grasp_kitchen_interfaces/lib/libgrasp_kitchen_interfaces__rosidl_generator_c.so
-- Set runtime path of "/home/kim/projects/dexchef_ws/install/grasp_kitchen_interfaces/lib/libgrasp_kitchen_interfaces__rosidl_generator_c.so" to ""
-- Installing: /home/kim/projects/dexchef_ws/install/grasp_kitchen_interfaces/lib/libgrasp_kitchen_interfaces__rosidl_typesupport_fastrtps_c.so
-- Set runtime path of "/home/kim/projects/dexchef_ws/install/grasp_kitchen_interfaces/lib/libgrasp_kitchen_interfaces__rosidl_typesupport_fastrtps_c.so" to ""
-- Installing: /home/kim/projects/dexchef_ws/install/grasp_kitchen_interfaces/lib/libgrasp_kitchen_interfaces__rosidl_typesupport_introspection_c.so
-- Set runtime path of "/home/kim/projects/dexchef_ws/install/grasp_kitchen_interfaces/lib/libgrasp_kitchen_interfaces__rosidl_typesupport_introspection_c.so" to ""
-- Installing: /home/kim/projects/dexchef_ws/install/grasp_kitchen_interfaces/lib/libgrasp_kitchen_interfaces__rosidl_typesupport_c.so
-- Set runtime path of "/home/kim/projects/dexchef_ws/install/grasp_kitchen_interfaces/lib/libgrasp_kitchen_interfaces__rosidl_typesupport_c.so" to ""
-- Installing: /home/kim/projects/dexchef_ws/install/grasp_kitchen_interfaces/lib/libgrasp_kitchen_interfaces__rosidl_typesupport_fastrtps_cpp.so
-- Set runtime path of "/home/kim/projects/dexchef_ws/install/grasp_kitchen_interfaces/lib/libgrasp_kitchen_interfaces__rosidl_typesupport_fastrtps_cpp.so" to ""
-- Installing: /home/kim/projects/dexchef_ws/install/grasp_kitchen_interfaces/lib/libgrasp_kitchen_interfaces__rosidl_typesupport_introspection_cpp.so
-- Set runtime path of "/home/kim/projects/dexchef_ws/install/grasp_kitchen_interfaces/lib/libgrasp_kitchen_interfaces__rosidl_typesupport_introspection_cpp.so" to ""
-- Installing: /home/kim/projects/dexchef_ws/install/grasp_kitchen_interfaces/lib/libgrasp_kitchen_interfaces__rosidl_typesupport_cpp.so
-- Set runtime path of "/home/kim/projects/dexchef_ws/install/grasp_kitchen_interfaces/lib/libgrasp_kitchen_interfaces__rosidl_typesupport_cpp.so" to ""
Listing '/home/kim/projects/dexchef_ws/install/grasp_kitchen_interfaces/local/lib/python3.10/dist-packages/grasp_kitchen_interfaces'...
Compiling '/home/kim/projects/dexchef_ws/install/grasp_kitchen_interfaces/local/lib/python3.10/dist-packages/grasp_kitchen_interfaces/__init__.py'...
Listing '/home/kim/projects/dexchef_ws/install/grasp_kitchen_interfaces/local/lib/python3.10/dist-packages/grasp_kitchen_interfaces/action'...
Compiling '/home/kim/projects/dexchef_ws/install/grasp_kitchen_interfaces/local/lib/python3.10/dist-packages/grasp_kitchen_interfaces/action/__init__.py'...
Compiling '/home/kim/projects/dexchef_ws/install/grasp_kitchen_interfaces/local/lib/python3.10/dist-packages/grasp_kitchen_interfaces/action/_execute_task.py'...
Compiling '/home/kim/projects/dexchef_ws/install/grasp_kitchen_interfaces/local/lib/python3.10/dist-packages/grasp_kitchen_interfaces/action/_follow_cartesian_trajectory.py'...
Listing '/home/kim/projects/dexchef_ws/install/grasp_kitchen_interfaces/local/lib/python3.10/dist-packages/grasp_kitchen_interfaces/msg'...
Compiling '/home/kim/projects/dexchef_ws/install/grasp_kitchen_interfaces/local/lib/python3.10/dist-packages/grasp_kitchen_interfaces/msg/__init__.py'...
Compiling '/home/kim/projects/dexchef_ws/install/grasp_kitchen_interfaces/local/lib/python3.10/dist-packages/grasp_kitchen_interfaces/msg/_object_detection.py'...
Compiling '/home/kim/projects/dexchef_ws/install/grasp_kitchen_interfaces/local/lib/python3.10/dist-packages/grasp_kitchen_interfaces/msg/_scene_perception.py'...
Compiling '/home/kim/projects/dexchef_ws/install/grasp_kitchen_interfaces/local/lib/python3.10/dist-packages/grasp_kitchen_interfaces/msg/_task_target.py'...
Listing '/home/kim/projects/dexchef_ws/install/grasp_kitchen_interfaces/local/lib/python3.10/dist-packages/grasp_kitchen_interfaces/srv'...
Compiling '/home/kim/projects/dexchef_ws/install/grasp_kitchen_interfaces/local/lib/python3.10/dist-packages/grasp_kitchen_interfaces/srv/__init__.py'...
Compiling '/home/kim/projects/dexchef_ws/install/grasp_kitchen_interfaces/local/lib/python3.10/dist-packages/grasp_kitchen_interfaces/srv/_set_io.py'...
Compiling '/home/kim/projects/dexchef_ws/install/grasp_kitchen_interfaces/local/lib/python3.10/dist-packages/grasp_kitchen_interfaces/srv/_start_task.py'...
-- Installing: /home/kim/projects/dexchef_ws/install/grasp_kitchen_interfaces/lib/libgrasp_kitchen_interfaces__rosidl_generator_py.so
-- Set runtime path of "/home/kim/projects/dexchef_ws/install/grasp_kitchen_interfaces/lib/libgrasp_kitchen_interfaces__rosidl_generator_py.so" to ""
-- Installing: /home/kim/projects/dexchef_ws/install/grasp_kitchen_interfaces/share/grasp_kitchen_interfaces/cmake/export_grasp_kitchen_interfaces__rosidl_generator_cExport.cmake
-- Installing: /home/kim/projects/dexchef_ws/install/grasp_kitchen_interfaces/share/grasp_kitchen_interfaces/cmake/export_grasp_kitchen_interfaces__rosidl_generator_cExport-noconfig.cmake
-- Installing: /home/kim/projects/dexchef_ws/install/grasp_kitchen_interfaces/share/grasp_kitchen_interfaces/cmake/export_grasp_kitchen_interfaces__rosidl_typesupport_fastrtps_cExport.cmake
-- Installing: /home/kim/projects/dexchef_ws/install/grasp_kitchen_interfaces/share/grasp_kitchen_interfaces/cmake/export_grasp_kitchen_interfaces__rosidl_typesupport_fastrtps_cExport-noconfig.cmake
-- Installing: /home/kim/projects/dexchef_ws/install/grasp_kitchen_interfaces/share/grasp_kitchen_interfaces/cmake/grasp_kitchen_interfaces__rosidl_typesupport_introspection_cExport.cmake
-- Installing: /home/kim/projects/dexchef_ws/install/grasp_kitchen_interfaces/share/grasp_kitchen_interfaces/cmake/grasp_kitchen_interfaces__rosidl_typesupport_introspection_cExport-noconfig.cmake
-- Installing: /home/kim/projects/dexchef_ws/install/grasp_kitchen_interfaces/share/grasp_kitchen_interfaces/cmake/grasp_kitchen_interfaces__rosidl_typesupport_cExport.cmake
-- Installing: /home/kim/projects/dexchef_ws/install/grasp_kitchen_interfaces/share/grasp_kitchen_interfaces/cmake/grasp_kitchen_interfaces__rosidl_typesupport_cExport-noconfig.cmake
-- Installing: /home/kim/projects/dexchef_ws/install/grasp_kitchen_interfaces/share/grasp_kitchen_interfaces/cmake/export_grasp_kitchen_interfaces__rosidl_generator_cppExport.cmake
-- Installing: /home/kim/projects/dexchef_ws/install/grasp_kitchen_interfaces/share/grasp_kitchen_interfaces/cmake/export_grasp_kitchen_interfaces__rosidl_typesupport_fastrtps_cppExport.cmake
-- Installing: /home/kim/projects/dexchef_ws/install/grasp_kitchen_interfaces/share/grasp_kitchen_interfaces/cmake/export_grasp_kitchen_interfaces__rosidl_typesupport_fastrtps_cppExport-noconfig.cmake
-- Installing: /home/kim/projects/dexchef_ws/install/grasp_kitchen_interfaces/share/grasp_kitchen_interfaces/cmake/grasp_kitchen_interfaces__rosidl_typesupport_introspection_cppExport.cmake
-- Installing: /home/kim/projects/dexchef_ws/install/grasp_kitchen_interfaces/share/grasp_kitchen_interfaces/cmake/grasp_kitchen_interfaces__rosidl_typesupport_introspection_cppExport-noconfig.cmake
-- Installing: /home/kim/projects/dexchef_ws/install/grasp_kitchen_interfaces/share/grasp_kitchen_interfaces/cmake/grasp_kitchen_interfaces__rosidl_typesupport_cppExport.cmake
-- Installing: /home/kim/projects/dexchef_ws/install/grasp_kitchen_interfaces/share/grasp_kitchen_interfaces/cmake/grasp_kitchen_interfaces__rosidl_typesupport_cppExport-noconfig.cmake
-- Installing: /home/kim/projects/dexchef_ws/install/grasp_kitchen_interfaces/share/grasp_kitchen_interfaces/cmake/export_grasp_kitchen_interfaces__rosidl_generator_pyExport.cmake
-- Installing: /home/kim/projects/dexchef_ws/install/grasp_kitchen_interfaces/share/grasp_kitchen_interfaces/cmake/export_grasp_kitchen_interfaces__rosidl_generator_pyExport-noconfig.cmake
